ARM GAS  C:\DOCUME~1\Owner\LOCALS~1\Temp\cc3xQNPb.s 			page 1


   1              		.cpu cortex-m0
   2              		.fpu softvfp
   3              		.eabi_attribute 20, 1
   4              		.eabi_attribute 21, 1
   5              		.eabi_attribute 23, 3
   6              		.eabi_attribute 24, 1
   7              		.eabi_attribute 25, 1
   8              		.eabi_attribute 26, 1
   9              		.eabi_attribute 30, 6
  10              		.eabi_attribute 34, 0
  11              		.eabi_attribute 18, 4
  12              		.code	16
  13              		.file	"cyfitter_cfg.c"
  14              		.text
  15              	.Ltext0:
  16              		.cfi_sections	.debug_frame
  17              		.section	.text.CYMEMZERO,"ax",%progbits
  18              		.align	2
  19              		.code	16
  20              		.thumb_func
  21              		.type	CYMEMZERO, %function
  22              	CYMEMZERO:
  23              	.LFB0:
  24              		.file 1 ".\\Generated_Source\\PSoC4\\cyfitter_cfg.c"
   1:.\Generated_Source\PSoC4/cyfitter_cfg.c **** /*******************************************************************************
   2:.\Generated_Source\PSoC4/cyfitter_cfg.c **** * FILENAME: cyfitter_cfg.c
   3:.\Generated_Source\PSoC4/cyfitter_cfg.c **** * PSoC Creator  3.1 Component Pack 1
   4:.\Generated_Source\PSoC4/cyfitter_cfg.c **** *
   5:.\Generated_Source\PSoC4/cyfitter_cfg.c **** * Description:
   6:.\Generated_Source\PSoC4/cyfitter_cfg.c **** * This file is automatically generated by PSoC Creator with device 
   7:.\Generated_Source\PSoC4/cyfitter_cfg.c **** * initialization code.  Except for the user defined sections in
   8:.\Generated_Source\PSoC4/cyfitter_cfg.c **** * CyClockStartupError(), this file should not be modified.
   9:.\Generated_Source\PSoC4/cyfitter_cfg.c **** *
  10:.\Generated_Source\PSoC4/cyfitter_cfg.c **** ********************************************************************************
  11:.\Generated_Source\PSoC4/cyfitter_cfg.c **** * Copyright 2013, Cypress Semiconductor Corporation.  All rights reserved.
  12:.\Generated_Source\PSoC4/cyfitter_cfg.c **** * You may use this file only in accordance with the license, terms, conditions, 
  13:.\Generated_Source\PSoC4/cyfitter_cfg.c **** * disclaimers, and limitations in the end user license agreement accompanying 
  14:.\Generated_Source\PSoC4/cyfitter_cfg.c **** * the software package with which this file was provided.
  15:.\Generated_Source\PSoC4/cyfitter_cfg.c **** ********************************************************************************/
  16:.\Generated_Source\PSoC4/cyfitter_cfg.c **** 
  17:.\Generated_Source\PSoC4/cyfitter_cfg.c **** #include <string.h>
  18:.\Generated_Source\PSoC4/cyfitter_cfg.c **** #include <cytypes.h>
  19:.\Generated_Source\PSoC4/cyfitter_cfg.c **** #include <cydevice_trm.h>
  20:.\Generated_Source\PSoC4/cyfitter_cfg.c **** #include <cyfitter.h>
  21:.\Generated_Source\PSoC4/cyfitter_cfg.c **** #include <CyLib.h>
  22:.\Generated_Source\PSoC4/cyfitter_cfg.c **** #include <cyfitter_cfg.h>
  23:.\Generated_Source\PSoC4/cyfitter_cfg.c **** 
  24:.\Generated_Source\PSoC4/cyfitter_cfg.c **** 
  25:.\Generated_Source\PSoC4/cyfitter_cfg.c **** #if defined(__GNUC__) || defined(__ARMCC_VERSION)
  26:.\Generated_Source\PSoC4/cyfitter_cfg.c ****     #define CYPACKED 
  27:.\Generated_Source\PSoC4/cyfitter_cfg.c ****     #define CYPACKED_ATTR __attribute__ ((packed))
  28:.\Generated_Source\PSoC4/cyfitter_cfg.c ****     #define CYALIGNED __attribute__ ((aligned))
  29:.\Generated_Source\PSoC4/cyfitter_cfg.c ****     #define CY_CFG_UNUSED __attribute__ ((unused))
  30:.\Generated_Source\PSoC4/cyfitter_cfg.c ****     #define CY_CFG_SECTION __attribute__ ((section(".psocinit")))
  31:.\Generated_Source\PSoC4/cyfitter_cfg.c ****     
  32:.\Generated_Source\PSoC4/cyfitter_cfg.c ****     #if defined(__ARMCC_VERSION)
  33:.\Generated_Source\PSoC4/cyfitter_cfg.c ****         #define CY_CFG_MEMORY_BARRIER() __memory_changed()
ARM GAS  C:\DOCUME~1\Owner\LOCALS~1\Temp\cc3xQNPb.s 			page 2


  34:.\Generated_Source\PSoC4/cyfitter_cfg.c ****     #else
  35:.\Generated_Source\PSoC4/cyfitter_cfg.c ****         #define CY_CFG_MEMORY_BARRIER() __sync_synchronize()
  36:.\Generated_Source\PSoC4/cyfitter_cfg.c ****     #endif
  37:.\Generated_Source\PSoC4/cyfitter_cfg.c ****     
  38:.\Generated_Source\PSoC4/cyfitter_cfg.c **** #elif defined(__ICCARM__)
  39:.\Generated_Source\PSoC4/cyfitter_cfg.c ****     #include <intrinsics.h>
  40:.\Generated_Source\PSoC4/cyfitter_cfg.c **** 
  41:.\Generated_Source\PSoC4/cyfitter_cfg.c ****     #define CYPACKED __packed
  42:.\Generated_Source\PSoC4/cyfitter_cfg.c ****     #define CYPACKED_ATTR 
  43:.\Generated_Source\PSoC4/cyfitter_cfg.c ****     #define CYALIGNED _Pragma("data_alignment=4")
  44:.\Generated_Source\PSoC4/cyfitter_cfg.c ****     #define CY_CFG_UNUSED _Pragma("diag_suppress=Pe177")
  45:.\Generated_Source\PSoC4/cyfitter_cfg.c ****     #define CY_CFG_SECTION _Pragma("location=\".psocinit\"")
  46:.\Generated_Source\PSoC4/cyfitter_cfg.c ****     
  47:.\Generated_Source\PSoC4/cyfitter_cfg.c ****     #define CY_CFG_MEMORY_BARRIER() __DMB()
  48:.\Generated_Source\PSoC4/cyfitter_cfg.c ****     
  49:.\Generated_Source\PSoC4/cyfitter_cfg.c **** #else
  50:.\Generated_Source\PSoC4/cyfitter_cfg.c ****     #error Unsupported toolchain
  51:.\Generated_Source\PSoC4/cyfitter_cfg.c **** #endif
  52:.\Generated_Source\PSoC4/cyfitter_cfg.c **** 
  53:.\Generated_Source\PSoC4/cyfitter_cfg.c **** 
  54:.\Generated_Source\PSoC4/cyfitter_cfg.c **** CY_CFG_UNUSED
  55:.\Generated_Source\PSoC4/cyfitter_cfg.c **** static void CYMEMZERO(void *s, size_t n);
  56:.\Generated_Source\PSoC4/cyfitter_cfg.c **** CY_CFG_UNUSED
  57:.\Generated_Source\PSoC4/cyfitter_cfg.c **** static void CYMEMZERO(void *s, size_t n)
  58:.\Generated_Source\PSoC4/cyfitter_cfg.c **** {
  25              		.loc 1 58 0
  26              		.cfi_startproc
  27 0000 80B5     		push	{r7, lr}
  28              		.cfi_def_cfa_offset 8
  29              		.cfi_offset 7, -8
  30              		.cfi_offset 14, -4
  31 0002 82B0     		sub	sp, sp, #8
  32              		.cfi_def_cfa_offset 16
  33 0004 00AF     		add	r7, sp, #0
  34              		.cfi_def_cfa_register 7
  35 0006 7860     		str	r0, [r7, #4]
  36 0008 3960     		str	r1, [r7]
  59:.\Generated_Source\PSoC4/cyfitter_cfg.c **** 	(void)memset(s, 0, n);
  37              		.loc 1 59 0
  38 000a 7A68     		ldr	r2, [r7, #4]
  39 000c 3B68     		ldr	r3, [r7]
  40 000e 101C     		mov	r0, r2
  41 0010 0021     		mov	r1, #0
  42 0012 1A1C     		mov	r2, r3
  43 0014 FFF7FEFF 		bl	memset
  60:.\Generated_Source\PSoC4/cyfitter_cfg.c **** }
  44              		.loc 1 60 0
  45 0018 BD46     		mov	sp, r7
  46 001a 02B0     		add	sp, sp, #8
  47              		@ sp needed
  48 001c 80BD     		pop	{r7, pc}
  49              		.cfi_endproc
  50              	.LFE0:
  51              		.size	CYMEMZERO, .-CYMEMZERO
  52 001e C046     		.section	.text.CYCONFIGCPY,"ax",%progbits
  53              		.align	2
  54              		.code	16
ARM GAS  C:\DOCUME~1\Owner\LOCALS~1\Temp\cc3xQNPb.s 			page 3


  55              		.thumb_func
  56              		.type	CYCONFIGCPY, %function
  57              	CYCONFIGCPY:
  58              	.LFB1:
  61:.\Generated_Source\PSoC4/cyfitter_cfg.c **** CY_CFG_UNUSED
  62:.\Generated_Source\PSoC4/cyfitter_cfg.c **** static void CYCONFIGCPY(void *dest, const void *src, size_t n);
  63:.\Generated_Source\PSoC4/cyfitter_cfg.c **** CY_CFG_UNUSED
  64:.\Generated_Source\PSoC4/cyfitter_cfg.c **** static void CYCONFIGCPY(void *dest, const void *src, size_t n)
  65:.\Generated_Source\PSoC4/cyfitter_cfg.c **** {
  59              		.loc 1 65 0
  60              		.cfi_startproc
  61 0000 80B5     		push	{r7, lr}
  62              		.cfi_def_cfa_offset 8
  63              		.cfi_offset 7, -8
  64              		.cfi_offset 14, -4
  65 0002 84B0     		sub	sp, sp, #16
  66              		.cfi_def_cfa_offset 24
  67 0004 00AF     		add	r7, sp, #0
  68              		.cfi_def_cfa_register 7
  69 0006 F860     		str	r0, [r7, #12]
  70 0008 B960     		str	r1, [r7, #8]
  71 000a 7A60     		str	r2, [r7, #4]
  66:.\Generated_Source\PSoC4/cyfitter_cfg.c **** 	(void)memcpy(dest, src, n);
  72              		.loc 1 66 0
  73 000c F968     		ldr	r1, [r7, #12]
  74 000e BA68     		ldr	r2, [r7, #8]
  75 0010 7B68     		ldr	r3, [r7, #4]
  76 0012 081C     		mov	r0, r1
  77 0014 111C     		mov	r1, r2
  78 0016 1A1C     		mov	r2, r3
  79 0018 FFF7FEFF 		bl	memcpy
  67:.\Generated_Source\PSoC4/cyfitter_cfg.c **** }
  80              		.loc 1 67 0
  81 001c BD46     		mov	sp, r7
  82 001e 04B0     		add	sp, sp, #16
  83              		@ sp needed
  84 0020 80BD     		pop	{r7, pc}
  85              		.cfi_endproc
  86              	.LFE1:
  87              		.size	CYCONFIGCPY, .-CYCONFIGCPY
  88 0022 C046     		.section	.text.CYCONFIGCPYCODE,"ax",%progbits
  89              		.align	2
  90              		.code	16
  91              		.thumb_func
  92              		.type	CYCONFIGCPYCODE, %function
  93              	CYCONFIGCPYCODE:
  94              	.LFB2:
  68:.\Generated_Source\PSoC4/cyfitter_cfg.c **** CY_CFG_UNUSED
  69:.\Generated_Source\PSoC4/cyfitter_cfg.c **** static void CYCONFIGCPYCODE(void *dest, const void *src, size_t n);
  70:.\Generated_Source\PSoC4/cyfitter_cfg.c **** CY_CFG_UNUSED
  71:.\Generated_Source\PSoC4/cyfitter_cfg.c **** static void CYCONFIGCPYCODE(void *dest, const void *src, size_t n)
  72:.\Generated_Source\PSoC4/cyfitter_cfg.c **** {
  95              		.loc 1 72 0
  96              		.cfi_startproc
  97 0000 80B5     		push	{r7, lr}
  98              		.cfi_def_cfa_offset 8
  99              		.cfi_offset 7, -8
ARM GAS  C:\DOCUME~1\Owner\LOCALS~1\Temp\cc3xQNPb.s 			page 4


 100              		.cfi_offset 14, -4
 101 0002 84B0     		sub	sp, sp, #16
 102              		.cfi_def_cfa_offset 24
 103 0004 00AF     		add	r7, sp, #0
 104              		.cfi_def_cfa_register 7
 105 0006 F860     		str	r0, [r7, #12]
 106 0008 B960     		str	r1, [r7, #8]
 107 000a 7A60     		str	r2, [r7, #4]
  73:.\Generated_Source\PSoC4/cyfitter_cfg.c **** 	(void)memcpy(dest, src, n);
 108              		.loc 1 73 0
 109 000c F968     		ldr	r1, [r7, #12]
 110 000e BA68     		ldr	r2, [r7, #8]
 111 0010 7B68     		ldr	r3, [r7, #4]
 112 0012 081C     		mov	r0, r1
 113 0014 111C     		mov	r1, r2
 114 0016 1A1C     		mov	r2, r3
 115 0018 FFF7FEFF 		bl	memcpy
  74:.\Generated_Source\PSoC4/cyfitter_cfg.c **** }
 116              		.loc 1 74 0
 117 001c BD46     		mov	sp, r7
 118 001e 04B0     		add	sp, sp, #16
 119              		@ sp needed
 120 0020 80BD     		pop	{r7, pc}
 121              		.cfi_endproc
 122              	.LFE2:
 123              		.size	CYCONFIGCPYCODE, .-CYCONFIGCPYCODE
 124 0022 C046     		.section	.psocinit,"ax",%progbits
 125              		.align	2
 126              		.code	16
 127              		.thumb_func
 128              		.type	SetIMOBGTrims, %function
 129              	SetIMOBGTrims:
 130              	.LFB3:
  75:.\Generated_Source\PSoC4/cyfitter_cfg.c **** 
  76:.\Generated_Source\PSoC4/cyfitter_cfg.c **** 
  77:.\Generated_Source\PSoC4/cyfitter_cfg.c **** 
  78:.\Generated_Source\PSoC4/cyfitter_cfg.c **** /* Clock startup error codes                                                   */
  79:.\Generated_Source\PSoC4/cyfitter_cfg.c **** #define CYCLOCKSTART_NO_ERROR    0u
  80:.\Generated_Source\PSoC4/cyfitter_cfg.c **** #define CYCLOCKSTART_XTAL_ERROR  1u
  81:.\Generated_Source\PSoC4/cyfitter_cfg.c **** #define CYCLOCKSTART_32KHZ_ERROR 2u
  82:.\Generated_Source\PSoC4/cyfitter_cfg.c **** #define CYCLOCKSTART_PLL_ERROR   3u
  83:.\Generated_Source\PSoC4/cyfitter_cfg.c **** 
  84:.\Generated_Source\PSoC4/cyfitter_cfg.c **** #ifdef CY_NEED_CYCLOCKSTARTUPERROR
  85:.\Generated_Source\PSoC4/cyfitter_cfg.c **** /*******************************************************************************
  86:.\Generated_Source\PSoC4/cyfitter_cfg.c **** * Function Name: CyClockStartupError
  87:.\Generated_Source\PSoC4/cyfitter_cfg.c **** ********************************************************************************
  88:.\Generated_Source\PSoC4/cyfitter_cfg.c **** * Summary:
  89:.\Generated_Source\PSoC4/cyfitter_cfg.c **** *  If an error is encountered during clock configuration (crystal startup error,
  90:.\Generated_Source\PSoC4/cyfitter_cfg.c **** *  PLL lock error, etc.), the system will end up here.  Unless reimplemented by
  91:.\Generated_Source\PSoC4/cyfitter_cfg.c **** *  the customer, this function will stop in an infinite loop.
  92:.\Generated_Source\PSoC4/cyfitter_cfg.c **** *
  93:.\Generated_Source\PSoC4/cyfitter_cfg.c **** * Parameters:
  94:.\Generated_Source\PSoC4/cyfitter_cfg.c **** *   void
  95:.\Generated_Source\PSoC4/cyfitter_cfg.c **** *
  96:.\Generated_Source\PSoC4/cyfitter_cfg.c **** * Return:
  97:.\Generated_Source\PSoC4/cyfitter_cfg.c **** *   void
  98:.\Generated_Source\PSoC4/cyfitter_cfg.c **** *
ARM GAS  C:\DOCUME~1\Owner\LOCALS~1\Temp\cc3xQNPb.s 			page 5


  99:.\Generated_Source\PSoC4/cyfitter_cfg.c **** *******************************************************************************/
 100:.\Generated_Source\PSoC4/cyfitter_cfg.c **** CY_CFG_UNUSED
 101:.\Generated_Source\PSoC4/cyfitter_cfg.c **** static void CyClockStartupError(uint8 errorCode);
 102:.\Generated_Source\PSoC4/cyfitter_cfg.c **** CY_CFG_UNUSED
 103:.\Generated_Source\PSoC4/cyfitter_cfg.c **** static void CyClockStartupError(uint8 errorCode)
 104:.\Generated_Source\PSoC4/cyfitter_cfg.c **** {
 105:.\Generated_Source\PSoC4/cyfitter_cfg.c ****     /* To remove the compiler warning if errorCode not used.                */
 106:.\Generated_Source\PSoC4/cyfitter_cfg.c ****     errorCode = errorCode;
 107:.\Generated_Source\PSoC4/cyfitter_cfg.c **** 
 108:.\Generated_Source\PSoC4/cyfitter_cfg.c ****     /* `#START CyClockStartupError` */
 109:.\Generated_Source\PSoC4/cyfitter_cfg.c **** 
 110:.\Generated_Source\PSoC4/cyfitter_cfg.c ****     /* If we have a clock startup error (bad MHz crystal, PLL lock, etc.),  */
 111:.\Generated_Source\PSoC4/cyfitter_cfg.c ****     /* we will end up here to allow the customer to implement something to  */
 112:.\Generated_Source\PSoC4/cyfitter_cfg.c ****     /* deal with the clock condition.                                       */
 113:.\Generated_Source\PSoC4/cyfitter_cfg.c **** 
 114:.\Generated_Source\PSoC4/cyfitter_cfg.c ****     /* `#END` */
 115:.\Generated_Source\PSoC4/cyfitter_cfg.c **** 
 116:.\Generated_Source\PSoC4/cyfitter_cfg.c ****     /* If nothing else, stop here since the clocks have not started         */
 117:.\Generated_Source\PSoC4/cyfitter_cfg.c ****     /* correctly.                                                           */
 118:.\Generated_Source\PSoC4/cyfitter_cfg.c ****     while(1) {}
 119:.\Generated_Source\PSoC4/cyfitter_cfg.c **** }
 120:.\Generated_Source\PSoC4/cyfitter_cfg.c **** #endif
 121:.\Generated_Source\PSoC4/cyfitter_cfg.c **** 
 122:.\Generated_Source\PSoC4/cyfitter_cfg.c **** 
 123:.\Generated_Source\PSoC4/cyfitter_cfg.c **** /*******************************************************************************
 124:.\Generated_Source\PSoC4/cyfitter_cfg.c **** * Function Name: SetIMOBGTrims
 125:.\Generated_Source\PSoC4/cyfitter_cfg.c **** ********************************************************************************
 126:.\Generated_Source\PSoC4/cyfitter_cfg.c **** *
 127:.\Generated_Source\PSoC4/cyfitter_cfg.c **** * Summary:
 128:.\Generated_Source\PSoC4/cyfitter_cfg.c **** *   Performs the configuration of the bandgap trim for the IMO based on the given
 129:.\Generated_Source\PSoC4/cyfitter_cfg.c **** *   expected frequency of the IMO. 
 130:.\Generated_Source\PSoC4/cyfitter_cfg.c **** *
 131:.\Generated_Source\PSoC4/cyfitter_cfg.c **** * Parameters:
 132:.\Generated_Source\PSoC4/cyfitter_cfg.c **** *   imoFreq: Frequency for operation of the IMO.
 133:.\Generated_Source\PSoC4/cyfitter_cfg.c **** *
 134:.\Generated_Source\PSoC4/cyfitter_cfg.c **** * Return:
 135:.\Generated_Source\PSoC4/cyfitter_cfg.c **** *   void
 136:.\Generated_Source\PSoC4/cyfitter_cfg.c **** *
 137:.\Generated_Source\PSoC4/cyfitter_cfg.c **** *******************************************************************************/
 138:.\Generated_Source\PSoC4/cyfitter_cfg.c **** static void SetIMOBGTrims(uint8 imoFreq);
 139:.\Generated_Source\PSoC4/cyfitter_cfg.c **** CY_CFG_SECTION
 140:.\Generated_Source\PSoC4/cyfitter_cfg.c **** static void SetIMOBGTrims(uint8 imoFreq)
 141:.\Generated_Source\PSoC4/cyfitter_cfg.c **** {
 131              		.loc 1 141 0
 132              		.cfi_startproc
 133 0000 80B5     		push	{r7, lr}
 134              		.cfi_def_cfa_offset 8
 135              		.cfi_offset 7, -8
 136              		.cfi_offset 14, -4
 137 0002 84B0     		sub	sp, sp, #16
 138              		.cfi_def_cfa_offset 24
 139 0004 00AF     		add	r7, sp, #0
 140              		.cfi_def_cfa_register 7
 141 0006 021C     		mov	r2, r0
 142 0008 FB1D     		add	r3, r7, #7
 143 000a 1A70     		strb	r2, [r3]
 142:.\Generated_Source\PSoC4/cyfitter_cfg.c **** 	CYPACKED typedef struct {
ARM GAS  C:\DOCUME~1\Owner\LOCALS~1\Temp\cc3xQNPb.s 			page 6


 143:.\Generated_Source\PSoC4/cyfitter_cfg.c **** 		uint8 freq;
 144:.\Generated_Source\PSoC4/cyfitter_cfg.c **** 		uint8 absolute;
 145:.\Generated_Source\PSoC4/cyfitter_cfg.c **** 		uint8 tmpco;
 146:.\Generated_Source\PSoC4/cyfitter_cfg.c **** 	} CYPACKED_ATTR imo_trim_entry_t;
 147:.\Generated_Source\PSoC4/cyfitter_cfg.c **** 
 148:.\Generated_Source\PSoC4/cyfitter_cfg.c **** 	CYPACKED typedef struct {
 149:.\Generated_Source\PSoC4/cyfitter_cfg.c **** 		imo_trim_entry_t entries[4];
 150:.\Generated_Source\PSoC4/cyfitter_cfg.c **** 	} CYPACKED_ATTR imo_trim_table_t;
 151:.\Generated_Source\PSoC4/cyfitter_cfg.c **** 
 152:.\Generated_Source\PSoC4/cyfitter_cfg.c **** 	static const imo_trim_table_t *imo_trim_table = (const imo_trim_table_t *)CYREG_SFLASH_IMO_MAXF0;
 153:.\Generated_Source\PSoC4/cyfitter_cfg.c **** 	static const uint32 IMO_TRIM_FREQ_TABLE_ENTRIES = sizeof(imo_trim_table->entries)/sizeof(imo_trim_
 154:.\Generated_Source\PSoC4/cyfitter_cfg.c **** 
 155:.\Generated_Source\PSoC4/cyfitter_cfg.c **** 	int32 imoTrimIndex;
 156:.\Generated_Source\PSoC4/cyfitter_cfg.c **** 	uint8 setAbs;
 157:.\Generated_Source\PSoC4/cyfitter_cfg.c **** 	uint8 setTmpCo;
 158:.\Generated_Source\PSoC4/cyfitter_cfg.c **** 
 159:.\Generated_Source\PSoC4/cyfitter_cfg.c **** 	/* Traverse the SFLASH IMO frequency-dependent bandgap trim table to
 160:.\Generated_Source\PSoC4/cyfitter_cfg.c **** 	 * locate the appropriate value to trim the IMO bandgap based on freq. */
 161:.\Generated_Source\PSoC4/cyfitter_cfg.c **** 	setAbs = CY_GET_REG8((const void *)CYREG_SFLASH_IMO_ABS4);
 144              		.loc 1 161 0
 145 000c 204A     		ldr	r2, .L8
 146 000e 3B1C     		mov	r3, r7
 147 0010 0B33     		add	r3, r3, #11
 148 0012 1278     		ldrb	r2, [r2]
 149 0014 1A70     		strb	r2, [r3]
 162:.\Generated_Source\PSoC4/cyfitter_cfg.c **** 	setTmpCo = CY_GET_REG8((const void *)CYREG_SFLASH_IMO_TMPCO4);
 150              		.loc 1 162 0
 151 0016 1F4A     		ldr	r2, .L8+4
 152 0018 3B1C     		mov	r3, r7
 153 001a 0A33     		add	r3, r3, #10
 154 001c 1278     		ldrb	r2, [r2]
 155 001e 1A70     		strb	r2, [r3]
 163:.\Generated_Source\PSoC4/cyfitter_cfg.c **** 	for (imoTrimIndex = ((int32)IMO_TRIM_FREQ_TABLE_ENTRIES)-1;
 156              		.loc 1 163 0
 157 0020 0423     		mov	r3, #4
 158 0022 013B     		sub	r3, r3, #1
 159 0024 FB60     		str	r3, [r7, #12]
 160 0026 18E0     		b	.L5
 161              	.L7:
 164:.\Generated_Source\PSoC4/cyfitter_cfg.c **** 	     (imoTrimIndex >= 0) && (imoFreq <= imo_trim_table->entries[imoTrimIndex].freq);
 165:.\Generated_Source\PSoC4/cyfitter_cfg.c **** 	     imoTrimIndex--)
 166:.\Generated_Source\PSoC4/cyfitter_cfg.c **** 	{
 167:.\Generated_Source\PSoC4/cyfitter_cfg.c **** 		setAbs = imo_trim_table->entries[imoTrimIndex].absolute;
 162              		.loc 1 167 0
 163 0028 1B4B     		ldr	r3, .L8+8
 164 002a 1868     		ldr	r0, [r3]
 165 002c 391C     		mov	r1, r7
 166 002e 0B31     		add	r1, r1, #11
 167 0030 FA68     		ldr	r2, [r7, #12]
 168 0032 131C     		mov	r3, r2
 169 0034 5B00     		lsl	r3, r3, #1
 170 0036 9B18     		add	r3, r3, r2
 171 0038 C318     		add	r3, r0, r3
 172 003a 5B78     		ldrb	r3, [r3, #1]
 173 003c 0B70     		strb	r3, [r1]
 168:.\Generated_Source\PSoC4/cyfitter_cfg.c **** 		setTmpCo = imo_trim_table->entries[imoTrimIndex].tmpco;
 174              		.loc 1 168 0
ARM GAS  C:\DOCUME~1\Owner\LOCALS~1\Temp\cc3xQNPb.s 			page 7


 175 003e 164B     		ldr	r3, .L8+8
 176 0040 1868     		ldr	r0, [r3]
 177 0042 391C     		mov	r1, r7
 178 0044 0A31     		add	r1, r1, #10
 179 0046 FA68     		ldr	r2, [r7, #12]
 180 0048 131C     		mov	r3, r2
 181 004a 5B00     		lsl	r3, r3, #1
 182 004c 9B18     		add	r3, r3, r2
 183 004e C318     		add	r3, r0, r3
 184 0050 9B78     		ldrb	r3, [r3, #2]
 185 0052 0B70     		strb	r3, [r1]
 165:.\Generated_Source\PSoC4/cyfitter_cfg.c **** 	     imoTrimIndex--)
 186              		.loc 1 165 0
 187 0054 FB68     		ldr	r3, [r7, #12]
 188 0056 013B     		sub	r3, r3, #1
 189 0058 FB60     		str	r3, [r7, #12]
 190              	.L5:
 163:.\Generated_Source\PSoC4/cyfitter_cfg.c **** 	for (imoTrimIndex = ((int32)IMO_TRIM_FREQ_TABLE_ENTRIES)-1;
 191              		.loc 1 163 0 discriminator 1
 192 005a FB68     		ldr	r3, [r7, #12]
 193 005c 002B     		cmp	r3, #0
 194 005e 0ADB     		blt	.L6
 164:.\Generated_Source\PSoC4/cyfitter_cfg.c **** 	     (imoTrimIndex >= 0) && (imoFreq <= imo_trim_table->entries[imoTrimIndex].freq);
 195              		.loc 1 164 0
 196 0060 0D4B     		ldr	r3, .L8+8
 197 0062 1968     		ldr	r1, [r3]
 198 0064 FA68     		ldr	r2, [r7, #12]
 199 0066 131C     		mov	r3, r2
 200 0068 5B00     		lsl	r3, r3, #1
 201 006a 9B18     		add	r3, r3, r2
 202 006c 5B5C     		ldrb	r3, [r3, r1]
 203 006e FA1D     		add	r2, r7, #7
 204 0070 1278     		ldrb	r2, [r2]
 205 0072 9A42     		cmp	r2, r3
 206 0074 D8D9     		bls	.L7
 207              	.L6:
 169:.\Generated_Source\PSoC4/cyfitter_cfg.c **** 	}
 170:.\Generated_Source\PSoC4/cyfitter_cfg.c **** 
 171:.\Generated_Source\PSoC4/cyfitter_cfg.c **** 	CY_SET_REG32((void *)CYREG_PWR_BG_TRIM4, setAbs);
 208              		.loc 1 171 0
 209 0076 094B     		ldr	r3, .L8+12
 210 0078 3A1C     		mov	r2, r7
 211 007a 0B32     		add	r2, r2, #11
 212 007c 1278     		ldrb	r2, [r2]
 213 007e 1A60     		str	r2, [r3]
 172:.\Generated_Source\PSoC4/cyfitter_cfg.c **** 	CY_SET_REG32((void *)CYREG_PWR_BG_TRIM5, setTmpCo);
 214              		.loc 1 172 0
 215 0080 074B     		ldr	r3, .L8+16
 216 0082 3A1C     		mov	r2, r7
 217 0084 0A32     		add	r2, r2, #10
 218 0086 1278     		ldrb	r2, [r2]
 219 0088 1A60     		str	r2, [r3]
 173:.\Generated_Source\PSoC4/cyfitter_cfg.c **** }
 220              		.loc 1 173 0
 221 008a BD46     		mov	sp, r7
 222 008c 04B0     		add	sp, sp, #16
 223              		@ sp needed
ARM GAS  C:\DOCUME~1\Owner\LOCALS~1\Temp\cc3xQNPb.s 			page 8


 224 008e 80BD     		pop	{r7, pc}
 225              	.L9:
 226              		.align	2
 227              	.L8:
 228 0090 CCF1FF0F 		.word	268431820
 229 0094 CDF1FF0F 		.word	268431821
 230 0098 00000000 		.word	imo_trim_table.4687
 231 009c 1CFF0B40 		.word	1074528028
 232 00a0 20FF0B40 		.word	1074528032
 233              		.cfi_endproc
 234              	.LFE3:
 235              		.size	SetIMOBGTrims, .-SetIMOBGTrims
 236              		.align	2
 237              		.code	16
 238              		.thumb_func
 239              		.type	ClockSetup, %function
 240              	ClockSetup:
 241              	.LFB4:
 174:.\Generated_Source\PSoC4/cyfitter_cfg.c **** 
 175:.\Generated_Source\PSoC4/cyfitter_cfg.c **** 
 176:.\Generated_Source\PSoC4/cyfitter_cfg.c **** 
 177:.\Generated_Source\PSoC4/cyfitter_cfg.c **** /*******************************************************************************
 178:.\Generated_Source\PSoC4/cyfitter_cfg.c **** * Function Name: ClockSetup
 179:.\Generated_Source\PSoC4/cyfitter_cfg.c **** ********************************************************************************
 180:.\Generated_Source\PSoC4/cyfitter_cfg.c **** *
 181:.\Generated_Source\PSoC4/cyfitter_cfg.c **** * Summary:
 182:.\Generated_Source\PSoC4/cyfitter_cfg.c **** *   Performs the initialization of all of the clocks in the device based on the
 183:.\Generated_Source\PSoC4/cyfitter_cfg.c **** *   settings in the Clock tab of the DWR.  This includes enabling the requested
 184:.\Generated_Source\PSoC4/cyfitter_cfg.c **** *   clocks and setting the necessary dividers to produce the desired frequency. 
 185:.\Generated_Source\PSoC4/cyfitter_cfg.c **** *
 186:.\Generated_Source\PSoC4/cyfitter_cfg.c **** * Parameters:
 187:.\Generated_Source\PSoC4/cyfitter_cfg.c **** *   void
 188:.\Generated_Source\PSoC4/cyfitter_cfg.c **** *
 189:.\Generated_Source\PSoC4/cyfitter_cfg.c **** * Return:
 190:.\Generated_Source\PSoC4/cyfitter_cfg.c **** *   void
 191:.\Generated_Source\PSoC4/cyfitter_cfg.c **** *
 192:.\Generated_Source\PSoC4/cyfitter_cfg.c **** *******************************************************************************/
 193:.\Generated_Source\PSoC4/cyfitter_cfg.c **** static void ClockSetup(void);
 194:.\Generated_Source\PSoC4/cyfitter_cfg.c **** CY_CFG_SECTION
 195:.\Generated_Source\PSoC4/cyfitter_cfg.c **** static void ClockSetup(void)
 196:.\Generated_Source\PSoC4/cyfitter_cfg.c **** {
 242              		.loc 1 196 0
 243              		.cfi_startproc
 244 00a4 80B5     		push	{r7, lr}
 245              		.cfi_def_cfa_offset 8
 246              		.cfi_offset 7, -8
 247              		.cfi_offset 14, -4
 248 00a6 00AF     		add	r7, sp, #0
 249              		.cfi_def_cfa_register 7
 197:.\Generated_Source\PSoC4/cyfitter_cfg.c **** 	/* Enable HALF_EN before trimming for the flash accelerator. */
 198:.\Generated_Source\PSoC4/cyfitter_cfg.c **** 	CY_SET_REG32((void CYXDATA *)(CYREG_CLK_SELECT), (CY_GET_REG32((void *)CYREG_CLK_SELECT) | 0x00040
 250              		.loc 1 198 0
 251 00a8 164B     		ldr	r3, .L11
 252 00aa 164A     		ldr	r2, .L11
 253 00ac 1268     		ldr	r2, [r2]
 254 00ae 8021     		mov	r1, #128
 255 00b0 C902     		lsl	r1, r1, #11
ARM GAS  C:\DOCUME~1\Owner\LOCALS~1\Temp\cc3xQNPb.s 			page 9


 256 00b2 0A43     		orr	r2, r1
 257 00b4 1A60     		str	r2, [r3]
 199:.\Generated_Source\PSoC4/cyfitter_cfg.c **** 
 200:.\Generated_Source\PSoC4/cyfitter_cfg.c **** 	/* Trim IMO BG based on desired frequency. */
 201:.\Generated_Source\PSoC4/cyfitter_cfg.c **** 	SetIMOBGTrims(24u);
 258              		.loc 1 201 0
 259 00b6 1820     		mov	r0, #24
 260 00b8 FFF7A2FF 		bl	SetIMOBGTrims
 202:.\Generated_Source\PSoC4/cyfitter_cfg.c **** 
 203:.\Generated_Source\PSoC4/cyfitter_cfg.c **** 	/* Going less than or equal to 24MHz, so update the clock speed then adjust trim value. */
 204:.\Generated_Source\PSoC4/cyfitter_cfg.c **** 	CY_SET_REG32((void CYXDATA *)(CYREG_CLK_IMO_TRIM2), (25u));
 261              		.loc 1 204 0
 262 00bc 124B     		ldr	r3, .L11+4
 263 00be 1922     		mov	r2, #25
 264 00c0 1A60     		str	r2, [r3]
 205:.\Generated_Source\PSoC4/cyfitter_cfg.c **** 	CyDelayCycles(5u);
 265              		.loc 1 205 0
 266 00c2 0520     		mov	r0, #5
 267 00c4 FFF7FEFF 		bl	CyDelayCycles
 206:.\Generated_Source\PSoC4/cyfitter_cfg.c **** 	CY_SET_REG32((void CYXDATA *)(CYREG_CLK_IMO_TRIM1), (CY_GET_REG8((void *)CYREG_SFLASH_IMO_TRIM21))
 268              		.loc 1 206 0
 269 00c8 104B     		ldr	r3, .L11+8
 270 00ca 114A     		ldr	r2, .L11+12
 271 00cc 1278     		ldrb	r2, [r2]
 272 00ce D2B2     		uxtb	r2, r2
 273 00d0 1A60     		str	r2, [r3]
 207:.\Generated_Source\PSoC4/cyfitter_cfg.c **** 	CyDelayUs(5u);
 274              		.loc 1 207 0
 275 00d2 0520     		mov	r0, #5
 276 00d4 FFF7FEFF 		bl	CyDelayUs
 208:.\Generated_Source\PSoC4/cyfitter_cfg.c **** 
 209:.\Generated_Source\PSoC4/cyfitter_cfg.c **** 	/* Disable HALF_EN since it is not required at this IMO frequency. */
 210:.\Generated_Source\PSoC4/cyfitter_cfg.c **** 	CY_SET_REG32((void CYXDATA *)(CYREG_CLK_SELECT), (CY_GET_REG32((void *)CYREG_CLK_SELECT) & 0xFFFBF
 277              		.loc 1 210 0
 278 00d8 0A4B     		ldr	r3, .L11
 279 00da 0A4A     		ldr	r2, .L11
 280 00dc 1168     		ldr	r1, [r2]
 281 00de 0D4A     		ldr	r2, .L11+16
 282 00e0 0A40     		and	r2, r1
 283 00e2 1A60     		str	r2, [r3]
 211:.\Generated_Source\PSoC4/cyfitter_cfg.c **** 	/* CYDEV_CLK_ILO_CONFIG Starting address: CYDEV_CLK_ILO_CONFIG */
 212:.\Generated_Source\PSoC4/cyfitter_cfg.c **** 	CY_SET_XTND_REG32((void CYFAR *)(CYREG_CLK_ILO_CONFIG), 0x80000006u);
 284              		.loc 1 212 0
 285 00e4 0C4B     		ldr	r3, .L11+20
 286 00e6 0D4A     		ldr	r2, .L11+24
 287 00e8 1A60     		str	r2, [r3]
 213:.\Generated_Source\PSoC4/cyfitter_cfg.c **** 
 214:.\Generated_Source\PSoC4/cyfitter_cfg.c **** 
 215:.\Generated_Source\PSoC4/cyfitter_cfg.c **** 	/* CYDEV_CLK_SELECT00 Starting address: CYDEV_CLK_SELECT00 */
 216:.\Generated_Source\PSoC4/cyfitter_cfg.c **** 	CY_SET_XTND_REG32((void CYFAR *)(CYREG_CLK_SELECT03), 0x00000010u);
 288              		.loc 1 216 0
 289 00ea 0D4B     		ldr	r3, .L11+28
 290 00ec 1022     		mov	r2, #16
 291 00ee 1A60     		str	r2, [r3]
 217:.\Generated_Source\PSoC4/cyfitter_cfg.c **** 
 218:.\Generated_Source\PSoC4/cyfitter_cfg.c **** 	/* CYDEV_CLK_IMO_CONFIG Starting address: CYDEV_CLK_IMO_CONFIG */
 219:.\Generated_Source\PSoC4/cyfitter_cfg.c **** 	CY_SET_XTND_REG32((void CYFAR *)(CYREG_CLK_IMO_CONFIG), 0x80000000u);
ARM GAS  C:\DOCUME~1\Owner\LOCALS~1\Temp\cc3xQNPb.s 			page 10


 292              		.loc 1 219 0
 293 00f0 0C4B     		ldr	r3, .L11+32
 294 00f2 8022     		mov	r2, #128
 295 00f4 1206     		lsl	r2, r2, #24
 296 00f6 1A60     		str	r2, [r3]
 220:.\Generated_Source\PSoC4/cyfitter_cfg.c **** 
 221:.\Generated_Source\PSoC4/cyfitter_cfg.c **** 	/* CYDEV_CLK_DIVIDER_A00 Starting address: CYDEV_CLK_DIVIDER_A00 */
 222:.\Generated_Source\PSoC4/cyfitter_cfg.c **** 	CY_SET_XTND_REG32((void CYFAR *)(CYREG_CLK_DIVIDER_A00), 0x80000002u);
 297              		.loc 1 222 0
 298 00f8 0B4B     		ldr	r3, .L11+36
 299 00fa 0C4A     		ldr	r2, .L11+40
 300 00fc 1A60     		str	r2, [r3]
 223:.\Generated_Source\PSoC4/cyfitter_cfg.c **** 
 224:.\Generated_Source\PSoC4/cyfitter_cfg.c **** }
 301              		.loc 1 224 0
 302 00fe BD46     		mov	sp, r7
 303              		@ sp needed
 304 0100 80BD     		pop	{r7, pc}
 305              	.L12:
 306 0102 C046     		.align	2
 307              	.L11:
 308 0104 00010B40 		.word	1074462976
 309 0108 2CFF0B40 		.word	1074528044
 310 010c 28FF0B40 		.word	1074528040
 311 0110 E5F1FF0F 		.word	268431845
 312 0114 FFFFFBFF 		.word	-262145
 313 0118 04010B40 		.word	1074462980
 314 011c 06000080 		.word	-2147483642
 315 0120 0C020240 		.word	1073873420
 316 0124 08010B40 		.word	1074462984
 317 0128 00000240 		.word	1073872896
 318 012c 02000080 		.word	-2147483646
 319              		.cfi_endproc
 320              	.LFE4:
 321              		.size	ClockSetup, .-ClockSetup
 322              		.section	.text.AnalogSetDefault,"ax",%progbits
 323              		.align	2
 324              		.code	16
 325              		.thumb_func
 326              		.type	AnalogSetDefault, %function
 327              	AnalogSetDefault:
 328              	.LFB5:
 225:.\Generated_Source\PSoC4/cyfitter_cfg.c **** 
 226:.\Generated_Source\PSoC4/cyfitter_cfg.c **** 
 227:.\Generated_Source\PSoC4/cyfitter_cfg.c **** /* Analog API Functions */
 228:.\Generated_Source\PSoC4/cyfitter_cfg.c **** 
 229:.\Generated_Source\PSoC4/cyfitter_cfg.c **** 
 230:.\Generated_Source\PSoC4/cyfitter_cfg.c **** /*******************************************************************************
 231:.\Generated_Source\PSoC4/cyfitter_cfg.c **** * Function Name: AnalogSetDefault
 232:.\Generated_Source\PSoC4/cyfitter_cfg.c **** ********************************************************************************
 233:.\Generated_Source\PSoC4/cyfitter_cfg.c **** *
 234:.\Generated_Source\PSoC4/cyfitter_cfg.c **** * Summary:
 235:.\Generated_Source\PSoC4/cyfitter_cfg.c **** *  Sets up the analog portions of the chip to default values based on chip
 236:.\Generated_Source\PSoC4/cyfitter_cfg.c **** *  configuration options from the project.
 237:.\Generated_Source\PSoC4/cyfitter_cfg.c **** *
 238:.\Generated_Source\PSoC4/cyfitter_cfg.c **** * Parameters:
 239:.\Generated_Source\PSoC4/cyfitter_cfg.c **** *  void
ARM GAS  C:\DOCUME~1\Owner\LOCALS~1\Temp\cc3xQNPb.s 			page 11


 240:.\Generated_Source\PSoC4/cyfitter_cfg.c **** *
 241:.\Generated_Source\PSoC4/cyfitter_cfg.c **** * Return:
 242:.\Generated_Source\PSoC4/cyfitter_cfg.c **** *  void
 243:.\Generated_Source\PSoC4/cyfitter_cfg.c **** *
 244:.\Generated_Source\PSoC4/cyfitter_cfg.c **** *******************************************************************************/
 245:.\Generated_Source\PSoC4/cyfitter_cfg.c **** static void AnalogSetDefault(void);
 246:.\Generated_Source\PSoC4/cyfitter_cfg.c **** static void AnalogSetDefault(void)
 247:.\Generated_Source\PSoC4/cyfitter_cfg.c **** {
 329              		.loc 1 247 0
 330              		.cfi_startproc
 331 0000 80B5     		push	{r7, lr}
 332              		.cfi_def_cfa_offset 8
 333              		.cfi_offset 7, -8
 334              		.cfi_offset 14, -4
 335 0002 00AF     		add	r7, sp, #0
 336              		.cfi_def_cfa_register 7
 248:.\Generated_Source\PSoC4/cyfitter_cfg.c **** }
 337              		.loc 1 248 0
 338 0004 BD46     		mov	sp, r7
 339              		@ sp needed
 340 0006 80BD     		pop	{r7, pc}
 341              		.cfi_endproc
 342              	.LFE5:
 343              		.size	AnalogSetDefault, .-AnalogSetDefault
 344              		.section	.psocinit
 345              		.align	2
 346              		.global	cyfitter_cfg
 347              		.code	16
 348              		.thumb_func
 349              		.type	cyfitter_cfg, %function
 350              	cyfitter_cfg:
 351              	.LFB6:
 249:.\Generated_Source\PSoC4/cyfitter_cfg.c **** 
 250:.\Generated_Source\PSoC4/cyfitter_cfg.c **** #define CY_AMUX_UNUSED CYREG_CM0_ROM_DWT
 251:.\Generated_Source\PSoC4/cyfitter_cfg.c **** 
 252:.\Generated_Source\PSoC4/cyfitter_cfg.c **** 
 253:.\Generated_Source\PSoC4/cyfitter_cfg.c **** /*******************************************************************************
 254:.\Generated_Source\PSoC4/cyfitter_cfg.c **** * Function Name: cyfitter_cfg
 255:.\Generated_Source\PSoC4/cyfitter_cfg.c **** ********************************************************************************
 256:.\Generated_Source\PSoC4/cyfitter_cfg.c **** * Summary:
 257:.\Generated_Source\PSoC4/cyfitter_cfg.c **** *  This function is called by the start-up code for the selected device. It
 258:.\Generated_Source\PSoC4/cyfitter_cfg.c **** *  performs all of the necessary device configuration based on the design
 259:.\Generated_Source\PSoC4/cyfitter_cfg.c **** *  settings.  This includes settings from the Design Wide Resources (DWR) such
 260:.\Generated_Source\PSoC4/cyfitter_cfg.c **** *  as Clocks and Pins as well as any component configuration that is necessary.
 261:.\Generated_Source\PSoC4/cyfitter_cfg.c **** *
 262:.\Generated_Source\PSoC4/cyfitter_cfg.c **** * Parameters:  
 263:.\Generated_Source\PSoC4/cyfitter_cfg.c **** *   void
 264:.\Generated_Source\PSoC4/cyfitter_cfg.c **** *
 265:.\Generated_Source\PSoC4/cyfitter_cfg.c **** * Return:
 266:.\Generated_Source\PSoC4/cyfitter_cfg.c **** *   void
 267:.\Generated_Source\PSoC4/cyfitter_cfg.c **** *
 268:.\Generated_Source\PSoC4/cyfitter_cfg.c **** *******************************************************************************/
 269:.\Generated_Source\PSoC4/cyfitter_cfg.c **** CY_CFG_SECTION
 270:.\Generated_Source\PSoC4/cyfitter_cfg.c **** void cyfitter_cfg(void)
 271:.\Generated_Source\PSoC4/cyfitter_cfg.c **** {
 352              		.loc 1 271 0
 353              		.cfi_startproc
ARM GAS  C:\DOCUME~1\Owner\LOCALS~1\Temp\cc3xQNPb.s 			page 12


 354 0130 80B5     		push	{r7, lr}
 355              		.cfi_def_cfa_offset 8
 356              		.cfi_offset 7, -8
 357              		.cfi_offset 14, -4
 358 0132 82B0     		sub	sp, sp, #8
 359              		.cfi_def_cfa_offset 16
 360 0134 00AF     		add	r7, sp, #0
 361              		.cfi_def_cfa_register 7
 272:.\Generated_Source\PSoC4/cyfitter_cfg.c **** 	/* Disable interrupts by default. Let user enable if/when they want. */
 273:.\Generated_Source\PSoC4/cyfitter_cfg.c **** 	CyGlobalIntDisable;
 362              		.loc 1 273 0
 363              	@ 273 ".\Generated_Source\PSoC4\cyfitter_cfg.c" 1
 364 0136 72B6     		CPSID   i
 365              	@ 0 "" 2
 366              		.code	16
 367              	.LBB2:
 274:.\Generated_Source\PSoC4/cyfitter_cfg.c **** 
 275:.\Generated_Source\PSoC4/cyfitter_cfg.c **** 	{
 276:.\Generated_Source\PSoC4/cyfitter_cfg.c **** 
 277:.\Generated_Source\PSoC4/cyfitter_cfg.c **** 		CYPACKED typedef struct {
 278:.\Generated_Source\PSoC4/cyfitter_cfg.c **** 			void CYFAR *address;
 279:.\Generated_Source\PSoC4/cyfitter_cfg.c **** 			uint16 size;
 280:.\Generated_Source\PSoC4/cyfitter_cfg.c **** 		} CYPACKED_ATTR cfg_memset_t;
 281:.\Generated_Source\PSoC4/cyfitter_cfg.c **** 
 282:.\Generated_Source\PSoC4/cyfitter_cfg.c **** 		static const cfg_memset_t CYCODE cfg_memset_list [] = {
 283:.\Generated_Source\PSoC4/cyfitter_cfg.c **** 			/* address, size */
 284:.\Generated_Source\PSoC4/cyfitter_cfg.c **** 			{(void CYFAR *)(CYDEV_UDB_P0_U0_BASE), 1024u},
 285:.\Generated_Source\PSoC4/cyfitter_cfg.c **** 			{(void CYFAR *)(CYDEV_UDB_DSI0_BASE), 1024u},
 286:.\Generated_Source\PSoC4/cyfitter_cfg.c **** 		};
 287:.\Generated_Source\PSoC4/cyfitter_cfg.c **** 
 288:.\Generated_Source\PSoC4/cyfitter_cfg.c **** 		uint8 CYDATA i;
 289:.\Generated_Source\PSoC4/cyfitter_cfg.c **** 
 290:.\Generated_Source\PSoC4/cyfitter_cfg.c **** 		/* Zero out critical memory blocks before beginning configuration */
 291:.\Generated_Source\PSoC4/cyfitter_cfg.c **** 		for (i = 0u; i < (sizeof(cfg_memset_list)/sizeof(cfg_memset_list[0])); i++)
 368              		.loc 1 291 0
 369 0138 FB1D     		add	r3, r7, #7
 370 013a 0022     		mov	r2, #0
 371 013c 1A70     		strb	r2, [r3]
 372 013e 23E0     		b	.L15
 373              	.L16:
 374              	.LBB3:
 292:.\Generated_Source\PSoC4/cyfitter_cfg.c **** 		{
 293:.\Generated_Source\PSoC4/cyfitter_cfg.c **** 			const cfg_memset_t CYCODE * CYDATA ms = &cfg_memset_list[i];
 375              		.loc 1 293 0 discriminator 2
 376 0140 FB1D     		add	r3, r7, #7
 377 0142 1A78     		ldrb	r2, [r3]
 378 0144 131C     		mov	r3, r2
 379 0146 5B00     		lsl	r3, r3, #1
 380 0148 9B18     		add	r3, r3, r2
 381 014a 5B00     		lsl	r3, r3, #1
 382 014c 2F4A     		ldr	r2, .L17
 383 014e 9B18     		add	r3, r3, r2
 384 0150 3B60     		str	r3, [r7]
 294:.\Generated_Source\PSoC4/cyfitter_cfg.c **** 			CYMEMZERO(ms->address, (size_t)(uint32)(ms->size));
 385              		.loc 1 294 0 discriminator 2
 386 0152 3B68     		ldr	r3, [r7]
 387 0154 1A78     		ldrb	r2, [r3]
ARM GAS  C:\DOCUME~1\Owner\LOCALS~1\Temp\cc3xQNPb.s 			page 13


 388 0156 5978     		ldrb	r1, [r3, #1]
 389 0158 0902     		lsl	r1, r1, #8
 390 015a 0A43     		orr	r2, r1
 391 015c 9978     		ldrb	r1, [r3, #2]
 392 015e 0904     		lsl	r1, r1, #16
 393 0160 0A43     		orr	r2, r1
 394 0162 DB78     		ldrb	r3, [r3, #3]
 395 0164 1B06     		lsl	r3, r3, #24
 396 0166 1343     		orr	r3, r2
 397 0168 1A1C     		mov	r2, r3
 398 016a 3B68     		ldr	r3, [r7]
 399 016c 1979     		ldrb	r1, [r3, #4]
 400 016e 5B79     		ldrb	r3, [r3, #5]
 401 0170 1B02     		lsl	r3, r3, #8
 402 0172 0B43     		orr	r3, r1
 403 0174 9BB2     		uxth	r3, r3
 404 0176 101C     		mov	r0, r2
 405 0178 191C     		mov	r1, r3
 406 017a FFF7FEFF 		bl	CYMEMZERO
 407              	.LBE3:
 291:.\Generated_Source\PSoC4/cyfitter_cfg.c **** 		for (i = 0u; i < (sizeof(cfg_memset_list)/sizeof(cfg_memset_list[0])); i++)
 408              		.loc 1 291 0 discriminator 2
 409 017e FB1D     		add	r3, r7, #7
 410 0180 1A78     		ldrb	r2, [r3]
 411 0182 FB1D     		add	r3, r7, #7
 412 0184 0132     		add	r2, r2, #1
 413 0186 1A70     		strb	r2, [r3]
 414              	.L15:
 291:.\Generated_Source\PSoC4/cyfitter_cfg.c **** 		for (i = 0u; i < (sizeof(cfg_memset_list)/sizeof(cfg_memset_list[0])); i++)
 415              		.loc 1 291 0 is_stmt 0 discriminator 1
 416 0188 FB1D     		add	r3, r7, #7
 417 018a 1B78     		ldrb	r3, [r3]
 418 018c 012B     		cmp	r3, #1
 419 018e D7D9     		bls	.L16
 295:.\Generated_Source\PSoC4/cyfitter_cfg.c **** 		}
 296:.\Generated_Source\PSoC4/cyfitter_cfg.c **** 
 297:.\Generated_Source\PSoC4/cyfitter_cfg.c **** 		/* HSIOM Starting address: CYDEV_HSIOM_BASE */
 298:.\Generated_Source\PSoC4/cyfitter_cfg.c **** 		CY_SET_XTND_REG32((void CYFAR *)(CYDEV_HSIOM_BASE), 0x00EE0000u);
 420              		.loc 1 298 0 is_stmt 1
 421 0190 1F4B     		ldr	r3, .L17+4
 422 0192 EE22     		mov	r2, #238
 423 0194 1204     		lsl	r2, r2, #16
 424 0196 1A60     		str	r2, [r3]
 299:.\Generated_Source\PSoC4/cyfitter_cfg.c **** 		CY_SET_XTND_REG32((void CYFAR *)(CYREG_HSIOM_PORT_SEL3), 0x0000EE00u);
 425              		.loc 1 299 0
 426 0198 1E4B     		ldr	r3, .L17+8
 427 019a EE22     		mov	r2, #238
 428 019c 1202     		lsl	r2, r2, #8
 429 019e 1A60     		str	r2, [r3]
 300:.\Generated_Source\PSoC4/cyfitter_cfg.c **** 
 301:.\Generated_Source\PSoC4/cyfitter_cfg.c **** 		/* IOPINS0_0 Starting address: CYDEV_PRT0_DR */
 302:.\Generated_Source\PSoC4/cyfitter_cfg.c **** 		CY_SET_XTND_REG32((void CYFAR *)(CYREG_PRT0_DR), 0x00000030u);
 430              		.loc 1 302 0
 431 01a0 1D4B     		ldr	r3, .L17+12
 432 01a2 3022     		mov	r2, #48
 433 01a4 1A60     		str	r2, [r3]
 303:.\Generated_Source\PSoC4/cyfitter_cfg.c **** 		CY_SET_XTND_REG32((void CYFAR *)(CYREG_PRT0_PC), 0x00024000u);
ARM GAS  C:\DOCUME~1\Owner\LOCALS~1\Temp\cc3xQNPb.s 			page 14


 434              		.loc 1 303 0
 435 01a6 1D4B     		ldr	r3, .L17+16
 436 01a8 9022     		mov	r2, #144
 437 01aa 9202     		lsl	r2, r2, #10
 438 01ac 1A60     		str	r2, [r3]
 304:.\Generated_Source\PSoC4/cyfitter_cfg.c **** 
 305:.\Generated_Source\PSoC4/cyfitter_cfg.c **** 		/* IOPINS0_3 Starting address: CYDEV_PRT3_DR */
 306:.\Generated_Source\PSoC4/cyfitter_cfg.c **** 		CY_SET_XTND_REG32((void CYFAR *)(CYREG_PRT3_PC), 0x00000D80u);
 439              		.loc 1 306 0
 440 01ae 1C4B     		ldr	r3, .L17+20
 441 01b0 D822     		mov	r2, #216
 442 01b2 1201     		lsl	r2, r2, #4
 443 01b4 1A60     		str	r2, [r3]
 307:.\Generated_Source\PSoC4/cyfitter_cfg.c **** 
 308:.\Generated_Source\PSoC4/cyfitter_cfg.c **** 		/* UDB_PA_0 Starting address: CYDEV_UDB_PA0_BASE */
 309:.\Generated_Source\PSoC4/cyfitter_cfg.c **** 		CY_SET_XTND_REG32((void CYFAR *)(CYDEV_UDB_PA0_BASE), 0x00990000u);
 444              		.loc 1 309 0
 445 01b6 1B4B     		ldr	r3, .L17+24
 446 01b8 9922     		mov	r2, #153
 447 01ba 1204     		lsl	r2, r2, #16
 448 01bc 1A60     		str	r2, [r3]
 310:.\Generated_Source\PSoC4/cyfitter_cfg.c **** 
 311:.\Generated_Source\PSoC4/cyfitter_cfg.c **** 		/* UDB_PA_3 Starting address: CYDEV_UDB_PA3_BASE */
 312:.\Generated_Source\PSoC4/cyfitter_cfg.c **** 		CY_SET_XTND_REG32((void CYFAR *)(CYDEV_UDB_PA3_BASE), 0x00990000u);
 449              		.loc 1 312 0
 450 01be 1A4B     		ldr	r3, .L17+28
 451 01c0 9922     		mov	r2, #153
 452 01c2 1204     		lsl	r2, r2, #16
 453 01c4 1A60     		str	r2, [r3]
 313:.\Generated_Source\PSoC4/cyfitter_cfg.c **** 
 314:.\Generated_Source\PSoC4/cyfitter_cfg.c **** 		/* Enable digital routing */
 315:.\Generated_Source\PSoC4/cyfitter_cfg.c **** 		CY_SET_XTND_REG8((void *)CYREG_UDB_UDBIF_BANK_CTL, CY_GET_XTND_REG8((void *)CYREG_UDB_UDBIF_BANK_
 454              		.loc 1 315 0
 455 01c6 194B     		ldr	r3, .L17+32
 456 01c8 184A     		ldr	r2, .L17+32
 457 01ca 1278     		ldrb	r2, [r2]
 458 01cc D2B2     		uxtb	r2, r2
 459 01ce 0221     		mov	r1, #2
 460 01d0 0A43     		orr	r2, r1
 461 01d2 D2B2     		uxtb	r2, r2
 462 01d4 1A70     		strb	r2, [r3]
 316:.\Generated_Source\PSoC4/cyfitter_cfg.c **** 
 317:.\Generated_Source\PSoC4/cyfitter_cfg.c **** 		/* Enable UDB array */
 318:.\Generated_Source\PSoC4/cyfitter_cfg.c **** 		CY_SET_XTND_REG8((void *)CYREG_UDB_UDBIF_WAIT_CFG, (CY_GET_XTND_REG8((void *)CYREG_UDB_UDBIF_WAIT
 463              		.loc 1 318 0
 464 01d6 164B     		ldr	r3, .L17+36
 465 01d8 154A     		ldr	r2, .L17+36
 466 01da 1278     		ldrb	r2, [r2]
 467 01dc D2B2     		uxtb	r2, r2
 468 01de 0C21     		mov	r1, #12
 469 01e0 8A43     		bic	r2, r1
 470 01e2 D2B2     		uxtb	r2, r2
 471 01e4 0421     		mov	r1, #4
 472 01e6 0A43     		orr	r2, r1
 473 01e8 D2B2     		uxtb	r2, r2
 474 01ea 1A70     		strb	r2, [r3]
 319:.\Generated_Source\PSoC4/cyfitter_cfg.c **** 		CY_SET_XTND_REG8((void *)CYREG_UDB_UDBIF_BANK_CTL, CY_GET_XTND_REG8((void *)CYREG_UDB_UDBIF_BANK_
ARM GAS  C:\DOCUME~1\Owner\LOCALS~1\Temp\cc3xQNPb.s 			page 15


 475              		.loc 1 319 0
 476 01ec 0F4B     		ldr	r3, .L17+32
 477 01ee 0F4A     		ldr	r2, .L17+32
 478 01f0 1278     		ldrb	r2, [r2]
 479 01f2 D2B2     		uxtb	r2, r2
 480 01f4 1621     		mov	r1, #22
 481 01f6 0A43     		orr	r2, r1
 482 01f8 D2B2     		uxtb	r2, r2
 483 01fa 1A70     		strb	r2, [r3]
 484              	.LBE2:
 320:.\Generated_Source\PSoC4/cyfitter_cfg.c **** 	}
 321:.\Generated_Source\PSoC4/cyfitter_cfg.c **** 
 322:.\Generated_Source\PSoC4/cyfitter_cfg.c **** 	/* Setup clocks based on selections from Clock DWR */
 323:.\Generated_Source\PSoC4/cyfitter_cfg.c **** 	ClockSetup();
 485              		.loc 1 323 0
 486 01fc FFF752FF 		bl	ClockSetup
 324:.\Generated_Source\PSoC4/cyfitter_cfg.c **** 
 325:.\Generated_Source\PSoC4/cyfitter_cfg.c **** 	/* Perform basic analog initialization to defaults */
 326:.\Generated_Source\PSoC4/cyfitter_cfg.c **** 	AnalogSetDefault();
 487              		.loc 1 326 0
 488 0200 FFF7FEFF 		bl	AnalogSetDefault
 327:.\Generated_Source\PSoC4/cyfitter_cfg.c **** 
 328:.\Generated_Source\PSoC4/cyfitter_cfg.c **** }
 489              		.loc 1 328 0
 490 0204 BD46     		mov	sp, r7
 491 0206 02B0     		add	sp, sp, #8
 492              		@ sp needed
 493 0208 80BD     		pop	{r7, pc}
 494              	.L18:
 495 020a C046     		.align	2
 496              	.L17:
 497 020c 04000000 		.word	cfg_memset_list.4712
 498 0210 00000140 		.word	1073807360
 499 0214 0C000140 		.word	1073807372
 500 0218 00000440 		.word	1074003968
 501 021c 08000440 		.word	1074003976
 502 0220 08030440 		.word	1074004744
 503 0224 00500F40 		.word	1074745344
 504 0228 30500F40 		.word	1074745392
 505 022c 00700F40 		.word	1074753536
 506 0230 01700F40 		.word	1074753537
 507              		.cfi_endproc
 508              	.LFE6:
 509              		.size	cyfitter_cfg, .-cyfitter_cfg
 510              		.data
 511              		.align	2
 512              		.type	imo_trim_table.4687, %object
 513              		.size	imo_trim_table.4687, 4
 514              	imo_trim_table.4687:
 515 0000 C0F1FF0F 		.word	268431808
 516              		.section	.rodata
 517              		.align	2
 518              		.type	IMO_TRIM_FREQ_TABLE_ENTRIES.4688, %object
 519              		.size	IMO_TRIM_FREQ_TABLE_ENTRIES.4688, 4
 520              	IMO_TRIM_FREQ_TABLE_ENTRIES.4688:
 521 0000 04000000 		.word	4
 522              		.align	2
ARM GAS  C:\DOCUME~1\Owner\LOCALS~1\Temp\cc3xQNPb.s 			page 16


 523              		.type	cfg_memset_list.4712, %object
 524              		.size	cfg_memset_list.4712, 12
 525              	cfg_memset_list.4712:
 526 0004 00300F40 		.word	1074737152
 527 0008 0004     		.short	1024
 528 000a 00400F40 		.4byte	1074741248
 529 000e 0004     		.short	1024
 530              		.text
 531              	.Letext0:
 532              		.file 2 "c:\\program files\\cypress\\psoc creator\\3.1\\psoc creator\\import\\gnu_cs\\arm\\4.8.4\\
 533              		.file 3 ".\\Generated_Source\\PSoC4/cytypes.h"
 534              		.section	.debug_info,"",%progbits
 535              	.Ldebug_info0:
 536 0000 3E030000 		.4byte	0x33e
 537 0004 0400     		.2byte	0x4
 538 0006 00000000 		.4byte	.Ldebug_abbrev0
 539 000a 04       		.byte	0x4
 540 000b 01       		.uleb128 0x1
 541 000c 31020000 		.4byte	.LASF43
 542 0010 01       		.byte	0x1
 543 0011 69010000 		.4byte	.LASF44
 544 0015 FD010000 		.4byte	.LASF45
 545 0019 00000000 		.4byte	.Ldebug_ranges0+0
 546 001d 00000000 		.4byte	0
 547 0021 00000000 		.4byte	.Ldebug_line0
 548 0025 02       		.uleb128 0x2
 549 0026 04       		.byte	0x4
 550 0027 05       		.byte	0x5
 551 0028 696E7400 		.ascii	"int\000"
 552 002c 03       		.uleb128 0x3
 553 002d 06000000 		.4byte	.LASF11
 554 0031 02       		.byte	0x2
 555 0032 D4       		.byte	0xd4
 556 0033 37000000 		.4byte	0x37
 557 0037 04       		.uleb128 0x4
 558 0038 04       		.byte	0x4
 559 0039 07       		.byte	0x7
 560 003a 12010000 		.4byte	.LASF0
 561 003e 04       		.uleb128 0x4
 562 003f 01       		.byte	0x1
 563 0040 06       		.byte	0x6
 564 0041 F1010000 		.4byte	.LASF1
 565 0045 04       		.uleb128 0x4
 566 0046 01       		.byte	0x1
 567 0047 08       		.byte	0x8
 568 0048 BF000000 		.4byte	.LASF2
 569 004c 04       		.uleb128 0x4
 570 004d 02       		.byte	0x2
 571 004e 05       		.byte	0x5
 572 004f 63000000 		.4byte	.LASF3
 573 0053 04       		.uleb128 0x4
 574 0054 02       		.byte	0x2
 575 0055 07       		.byte	0x7
 576 0056 50000000 		.4byte	.LASF4
 577 005a 04       		.uleb128 0x4
 578 005b 04       		.byte	0x4
 579 005c 05       		.byte	0x5
ARM GAS  C:\DOCUME~1\Owner\LOCALS~1\Temp\cc3xQNPb.s 			page 17


 580 005d D9010000 		.4byte	.LASF5
 581 0061 04       		.uleb128 0x4
 582 0062 04       		.byte	0x4
 583 0063 07       		.byte	0x7
 584 0064 9D000000 		.4byte	.LASF6
 585 0068 04       		.uleb128 0x4
 586 0069 08       		.byte	0x8
 587 006a 05       		.byte	0x5
 588 006b A3010000 		.4byte	.LASF7
 589 006f 04       		.uleb128 0x4
 590 0070 08       		.byte	0x8
 591 0071 07       		.byte	0x7
 592 0072 34010000 		.4byte	.LASF8
 593 0076 04       		.uleb128 0x4
 594 0077 04       		.byte	0x4
 595 0078 07       		.byte	0x7
 596 0079 91010000 		.4byte	.LASF9
 597 007d 05       		.uleb128 0x5
 598 007e 04       		.byte	0x4
 599 007f 04       		.uleb128 0x4
 600 0080 01       		.byte	0x1
 601 0081 08       		.byte	0x8
 602 0082 B1010000 		.4byte	.LASF10
 603 0086 03       		.uleb128 0x3
 604 0087 C4010000 		.4byte	.LASF12
 605 008b 03       		.byte	0x3
 606 008c A1       		.byte	0xa1
 607 008d 45000000 		.4byte	0x45
 608 0091 03       		.uleb128 0x3
 609 0092 04010000 		.4byte	.LASF13
 610 0096 03       		.byte	0x3
 611 0097 A2       		.byte	0xa2
 612 0098 53000000 		.4byte	0x53
 613 009c 03       		.uleb128 0x3
 614 009d 0B010000 		.4byte	.LASF14
 615 00a1 03       		.byte	0x3
 616 00a2 A3       		.byte	0xa3
 617 00a3 61000000 		.4byte	0x61
 618 00a7 03       		.uleb128 0x3
 619 00a8 AF000000 		.4byte	.LASF15
 620 00ac 03       		.byte	0x3
 621 00ad A6       		.byte	0xa6
 622 00ae 5A000000 		.4byte	0x5a
 623 00b2 04       		.uleb128 0x4
 624 00b3 04       		.byte	0x4
 625 00b4 04       		.byte	0x4
 626 00b5 7B000000 		.4byte	.LASF16
 627 00b9 04       		.uleb128 0x4
 628 00ba 08       		.byte	0x8
 629 00bb 04       		.byte	0x4
 630 00bc CD000000 		.4byte	.LASF17
 631 00c0 06       		.uleb128 0x6
 632 00c1 98000000 		.4byte	.LASF18
 633 00c5 03       		.byte	0x3
 634 00c6 4B01     		.2byte	0x14b
 635 00c8 CC000000 		.4byte	0xcc
 636 00cc 07       		.uleb128 0x7
ARM GAS  C:\DOCUME~1\Owner\LOCALS~1\Temp\cc3xQNPb.s 			page 18


 637 00cd 86000000 		.4byte	0x86
 638 00d1 06       		.uleb128 0x6
 639 00d2 00000000 		.4byte	.LASF19
 640 00d6 03       		.byte	0x3
 641 00d7 4D01     		.2byte	0x14d
 642 00d9 DD000000 		.4byte	0xdd
 643 00dd 07       		.uleb128 0x7
 644 00de 9C000000 		.4byte	0x9c
 645 00e2 08       		.uleb128 0x8
 646 00e3 B5000000 		.4byte	.LASF20
 647 00e7 01       		.byte	0x1
 648 00e8 39       		.byte	0x39
 649 00e9 00000000 		.4byte	.LFB0
 650 00ed 1E000000 		.4byte	.LFE0-.LFB0
 651 00f1 01       		.uleb128 0x1
 652 00f2 9C       		.byte	0x9c
 653 00f3 10010000 		.4byte	0x110
 654 00f7 09       		.uleb128 0x9
 655 00f8 7300     		.ascii	"s\000"
 656 00fa 01       		.byte	0x1
 657 00fb 39       		.byte	0x39
 658 00fc 7D000000 		.4byte	0x7d
 659 0100 02       		.uleb128 0x2
 660 0101 91       		.byte	0x91
 661 0102 74       		.sleb128 -12
 662 0103 09       		.uleb128 0x9
 663 0104 6E00     		.ascii	"n\000"
 664 0106 01       		.byte	0x1
 665 0107 39       		.byte	0x39
 666 0108 2C000000 		.4byte	0x2c
 667 010c 02       		.uleb128 0x2
 668 010d 91       		.byte	0x91
 669 010e 70       		.sleb128 -16
 670 010f 00       		.byte	0
 671 0110 08       		.uleb128 0x8
 672 0111 DC000000 		.4byte	.LASF21
 673 0115 01       		.byte	0x1
 674 0116 40       		.byte	0x40
 675 0117 00000000 		.4byte	.LFB1
 676 011b 22000000 		.4byte	.LFE1-.LFB1
 677 011f 01       		.uleb128 0x1
 678 0120 9C       		.byte	0x9c
 679 0121 4E010000 		.4byte	0x14e
 680 0125 0A       		.uleb128 0xa
 681 0126 8E000000 		.4byte	.LASF22
 682 012a 01       		.byte	0x1
 683 012b 40       		.byte	0x40
 684 012c 7D000000 		.4byte	0x7d
 685 0130 02       		.uleb128 0x2
 686 0131 91       		.byte	0x91
 687 0132 74       		.sleb128 -12
 688 0133 09       		.uleb128 0x9
 689 0134 73726300 		.ascii	"src\000"
 690 0138 01       		.byte	0x1
 691 0139 40       		.byte	0x40
 692 013a 4E010000 		.4byte	0x14e
 693 013e 02       		.uleb128 0x2
ARM GAS  C:\DOCUME~1\Owner\LOCALS~1\Temp\cc3xQNPb.s 			page 19


 694 013f 91       		.byte	0x91
 695 0140 70       		.sleb128 -16
 696 0141 09       		.uleb128 0x9
 697 0142 6E00     		.ascii	"n\000"
 698 0144 01       		.byte	0x1
 699 0145 40       		.byte	0x40
 700 0146 2C000000 		.4byte	0x2c
 701 014a 02       		.uleb128 0x2
 702 014b 91       		.byte	0x91
 703 014c 6C       		.sleb128 -20
 704 014d 00       		.byte	0
 705 014e 0B       		.uleb128 0xb
 706 014f 04       		.byte	0x4
 707 0150 54010000 		.4byte	0x154
 708 0154 0C       		.uleb128 0xc
 709 0155 08       		.uleb128 0x8
 710 0156 21020000 		.4byte	.LASF23
 711 015a 01       		.byte	0x1
 712 015b 47       		.byte	0x47
 713 015c 00000000 		.4byte	.LFB2
 714 0160 22000000 		.4byte	.LFE2-.LFB2
 715 0164 01       		.uleb128 0x1
 716 0165 9C       		.byte	0x9c
 717 0166 93010000 		.4byte	0x193
 718 016a 0A       		.uleb128 0xa
 719 016b 8E000000 		.4byte	.LASF22
 720 016f 01       		.byte	0x1
 721 0170 47       		.byte	0x47
 722 0171 7D000000 		.4byte	0x7d
 723 0175 02       		.uleb128 0x2
 724 0176 91       		.byte	0x91
 725 0177 74       		.sleb128 -12
 726 0178 09       		.uleb128 0x9
 727 0179 73726300 		.ascii	"src\000"
 728 017d 01       		.byte	0x1
 729 017e 47       		.byte	0x47
 730 017f 4E010000 		.4byte	0x14e
 731 0183 02       		.uleb128 0x2
 732 0184 91       		.byte	0x91
 733 0185 70       		.sleb128 -16
 734 0186 09       		.uleb128 0x9
 735 0187 6E00     		.ascii	"n\000"
 736 0189 01       		.byte	0x1
 737 018a 47       		.byte	0x47
 738 018b 2C000000 		.4byte	0x2c
 739 018f 02       		.uleb128 0x2
 740 0190 91       		.byte	0x91
 741 0191 6C       		.sleb128 -20
 742 0192 00       		.byte	0
 743 0193 0D       		.uleb128 0xd
 744 0194 6D000000 		.4byte	.LASF24
 745 0198 01       		.byte	0x1
 746 0199 8C       		.byte	0x8c
 747 019a 00000000 		.4byte	.LFB3
 748 019e A4000000 		.4byte	.LFE3-.LFB3
 749 01a2 01       		.uleb128 0x1
 750 01a3 9C       		.byte	0x9c
ARM GAS  C:\DOCUME~1\Owner\LOCALS~1\Temp\cc3xQNPb.s 			page 20


 751 01a4 76020000 		.4byte	0x276
 752 01a8 0A       		.uleb128 0xa
 753 01a9 D4000000 		.4byte	.LASF25
 754 01ad 01       		.byte	0x1
 755 01ae 8C       		.byte	0x8c
 756 01af 86000000 		.4byte	0x86
 757 01b3 02       		.uleb128 0x2
 758 01b4 91       		.byte	0x91
 759 01b5 6F       		.sleb128 -17
 760 01b6 0E       		.uleb128 0xe
 761 01b7 03       		.byte	0x3
 762 01b8 01       		.byte	0x1
 763 01b9 8E       		.byte	0x8e
 764 01ba E3010000 		.4byte	0x1e3
 765 01be 0F       		.uleb128 0xf
 766 01bf BF010000 		.4byte	.LASF26
 767 01c3 01       		.byte	0x1
 768 01c4 8F       		.byte	0x8f
 769 01c5 86000000 		.4byte	0x86
 770 01c9 00       		.byte	0
 771 01ca 0F       		.uleb128 0xf
 772 01cb B6010000 		.4byte	.LASF27
 773 01cf 01       		.byte	0x1
 774 01d0 90       		.byte	0x90
 775 01d1 86000000 		.4byte	0x86
 776 01d5 01       		.byte	0x1
 777 01d6 0F       		.uleb128 0xf
 778 01d7 4A000000 		.4byte	.LASF28
 779 01db 01       		.byte	0x1
 780 01dc 91       		.byte	0x91
 781 01dd 86000000 		.4byte	0x86
 782 01e1 02       		.byte	0x2
 783 01e2 00       		.byte	0
 784 01e3 03       		.uleb128 0x3
 785 01e4 1E000000 		.4byte	.LASF29
 786 01e8 01       		.byte	0x1
 787 01e9 92       		.byte	0x92
 788 01ea B6010000 		.4byte	0x1b6
 789 01ee 0E       		.uleb128 0xe
 790 01ef 0C       		.byte	0xc
 791 01f0 01       		.byte	0x1
 792 01f1 94       		.byte	0x94
 793 01f2 13020000 		.4byte	0x213
 794 01f6 10       		.uleb128 0x10
 795 01f7 E3010000 		.4byte	0x1e3
 796 01fb 06020000 		.4byte	0x206
 797 01ff 11       		.uleb128 0x11
 798 0200 76000000 		.4byte	0x76
 799 0204 03       		.byte	0x3
 800 0205 00       		.byte	0
 801 0206 0F       		.uleb128 0xf
 802 0207 E2010000 		.4byte	.LASF30
 803 020b 01       		.byte	0x1
 804 020c 95       		.byte	0x95
 805 020d F6010000 		.4byte	0x1f6
 806 0211 00       		.byte	0
 807 0212 00       		.byte	0
ARM GAS  C:\DOCUME~1\Owner\LOCALS~1\Temp\cc3xQNPb.s 			page 21


 808 0213 03       		.uleb128 0x3
 809 0214 4B010000 		.4byte	.LASF31
 810 0218 01       		.byte	0x1
 811 0219 96       		.byte	0x96
 812 021a EE010000 		.4byte	0x1ee
 813 021e 12       		.uleb128 0x12
 814 021f CA010000 		.4byte	.LASF32
 815 0223 01       		.byte	0x1
 816 0224 98       		.byte	0x98
 817 0225 2F020000 		.4byte	0x22f
 818 0229 05       		.uleb128 0x5
 819 022a 03       		.byte	0x3
 820 022b 00000000 		.4byte	imo_trim_table.4687
 821 022f 0B       		.uleb128 0xb
 822 0230 04       		.byte	0x4
 823 0231 35020000 		.4byte	0x235
 824 0235 13       		.uleb128 0x13
 825 0236 13020000 		.4byte	0x213
 826 023a 12       		.uleb128 0x12
 827 023b E8000000 		.4byte	.LASF33
 828 023f 01       		.byte	0x1
 829 0240 99       		.byte	0x99
 830 0241 76020000 		.4byte	0x276
 831 0245 05       		.uleb128 0x5
 832 0246 03       		.byte	0x3
 833 0247 00000000 		.4byte	IMO_TRIM_FREQ_TABLE_ENTRIES.4688
 834 024b 12       		.uleb128 0x12
 835 024c 81000000 		.4byte	.LASF34
 836 0250 01       		.byte	0x1
 837 0251 9B       		.byte	0x9b
 838 0252 A7000000 		.4byte	0xa7
 839 0256 02       		.uleb128 0x2
 840 0257 91       		.byte	0x91
 841 0258 74       		.sleb128 -12
 842 0259 12       		.uleb128 0x12
 843 025a EA010000 		.4byte	.LASF35
 844 025e 01       		.byte	0x1
 845 025f 9C       		.byte	0x9c
 846 0260 86000000 		.4byte	0x86
 847 0264 02       		.uleb128 0x2
 848 0265 91       		.byte	0x91
 849 0266 73       		.sleb128 -13
 850 0267 12       		.uleb128 0x12
 851 0268 9A010000 		.4byte	.LASF36
 852 026c 01       		.byte	0x1
 853 026d 9D       		.byte	0x9d
 854 026e 86000000 		.4byte	0x86
 855 0272 02       		.uleb128 0x2
 856 0273 91       		.byte	0x91
 857 0274 72       		.sleb128 -14
 858 0275 00       		.byte	0
 859 0276 13       		.uleb128 0x13
 860 0277 9C000000 		.4byte	0x9c
 861 027b 14       		.uleb128 0x14
 862 027c 3F000000 		.4byte	.LASF37
 863 0280 01       		.byte	0x1
 864 0281 C3       		.byte	0xc3
ARM GAS  C:\DOCUME~1\Owner\LOCALS~1\Temp\cc3xQNPb.s 			page 22


 865 0282 A4000000 		.4byte	.LFB4
 866 0286 8C000000 		.4byte	.LFE4-.LFB4
 867 028a 01       		.uleb128 0x1
 868 028b 9C       		.byte	0x9c
 869 028c 15       		.uleb128 0x15
 870 028d 0D000000 		.4byte	.LASF38
 871 0291 01       		.byte	0x1
 872 0292 F6       		.byte	0xf6
 873 0293 00000000 		.4byte	.LFB5
 874 0297 08000000 		.4byte	.LFE5-.LFB5
 875 029b 01       		.uleb128 0x1
 876 029c 9C       		.byte	0x9c
 877 029d 16       		.uleb128 0x16
 878 029e 1F010000 		.4byte	.LASF46
 879 02a2 01       		.byte	0x1
 880 02a3 0E01     		.2byte	0x10e
 881 02a5 30010000 		.4byte	.LFB6
 882 02a9 04010000 		.4byte	.LFE6-.LFB6
 883 02ad 01       		.uleb128 0x1
 884 02ae 9C       		.byte	0x9c
 885 02af 17       		.uleb128 0x17
 886 02b0 38010000 		.4byte	.LBB2
 887 02b4 C4000000 		.4byte	.LBE2-.LBB2
 888 02b8 18       		.uleb128 0x18
 889 02b9 06       		.byte	0x6
 890 02ba 01       		.byte	0x1
 891 02bb 1501     		.2byte	0x115
 892 02bd DC020000 		.4byte	0x2dc
 893 02c1 19       		.uleb128 0x19
 894 02c2 2C010000 		.4byte	.LASF39
 895 02c6 01       		.byte	0x1
 896 02c7 1601     		.2byte	0x116
 897 02c9 7D000000 		.4byte	0x7d
 898 02cd 00       		.byte	0
 899 02ce 19       		.uleb128 0x19
 900 02cf 93000000 		.4byte	.LASF40
 901 02d3 01       		.byte	0x1
 902 02d4 1701     		.2byte	0x117
 903 02d6 91000000 		.4byte	0x91
 904 02da 04       		.byte	0x4
 905 02db 00       		.byte	0
 906 02dc 06       		.uleb128 0x6
 907 02dd 5C010000 		.4byte	.LASF41
 908 02e1 01       		.byte	0x1
 909 02e2 1801     		.2byte	0x118
 910 02e4 B8020000 		.4byte	0x2b8
 911 02e8 10       		.uleb128 0x10
 912 02e9 DC020000 		.4byte	0x2dc
 913 02ed F8020000 		.4byte	0x2f8
 914 02f1 11       		.uleb128 0x11
 915 02f2 76000000 		.4byte	0x76
 916 02f6 01       		.byte	0x1
 917 02f7 00       		.byte	0
 918 02f8 1A       		.uleb128 0x1a
 919 02f9 2F000000 		.4byte	.LASF42
 920 02fd 01       		.byte	0x1
 921 02fe 1A01     		.2byte	0x11a
ARM GAS  C:\DOCUME~1\Owner\LOCALS~1\Temp\cc3xQNPb.s 			page 23


 922 0300 0A030000 		.4byte	0x30a
 923 0304 05       		.uleb128 0x5
 924 0305 03       		.byte	0x3
 925 0306 04000000 		.4byte	cfg_memset_list.4712
 926 030a 13       		.uleb128 0x13
 927 030b E8020000 		.4byte	0x2e8
 928 030f 1B       		.uleb128 0x1b
 929 0310 6900     		.ascii	"i\000"
 930 0312 01       		.byte	0x1
 931 0313 2001     		.2byte	0x120
 932 0315 86000000 		.4byte	0x86
 933 0319 02       		.uleb128 0x2
 934 031a 91       		.byte	0x91
 935 031b 77       		.sleb128 -9
 936 031c 17       		.uleb128 0x17
 937 031d 40010000 		.4byte	.LBB3
 938 0321 3E000000 		.4byte	.LBE3-.LBB3
 939 0325 1B       		.uleb128 0x1b
 940 0326 6D7300   		.ascii	"ms\000"
 941 0329 01       		.byte	0x1
 942 032a 2501     		.2byte	0x125
 943 032c 33030000 		.4byte	0x333
 944 0330 02       		.uleb128 0x2
 945 0331 91       		.byte	0x91
 946 0332 70       		.sleb128 -16
 947 0333 0B       		.uleb128 0xb
 948 0334 04       		.byte	0x4
 949 0335 39030000 		.4byte	0x339
 950 0339 13       		.uleb128 0x13
 951 033a DC020000 		.4byte	0x2dc
 952 033e 00       		.byte	0
 953 033f 00       		.byte	0
 954 0340 00       		.byte	0
 955 0341 00       		.byte	0
 956              		.section	.debug_abbrev,"",%progbits
 957              	.Ldebug_abbrev0:
 958 0000 01       		.uleb128 0x1
 959 0001 11       		.uleb128 0x11
 960 0002 01       		.byte	0x1
 961 0003 25       		.uleb128 0x25
 962 0004 0E       		.uleb128 0xe
 963 0005 13       		.uleb128 0x13
 964 0006 0B       		.uleb128 0xb
 965 0007 03       		.uleb128 0x3
 966 0008 0E       		.uleb128 0xe
 967 0009 1B       		.uleb128 0x1b
 968 000a 0E       		.uleb128 0xe
 969 000b 55       		.uleb128 0x55
 970 000c 17       		.uleb128 0x17
 971 000d 11       		.uleb128 0x11
 972 000e 01       		.uleb128 0x1
 973 000f 10       		.uleb128 0x10
 974 0010 17       		.uleb128 0x17
 975 0011 00       		.byte	0
 976 0012 00       		.byte	0
 977 0013 02       		.uleb128 0x2
 978 0014 24       		.uleb128 0x24
ARM GAS  C:\DOCUME~1\Owner\LOCALS~1\Temp\cc3xQNPb.s 			page 24


 979 0015 00       		.byte	0
 980 0016 0B       		.uleb128 0xb
 981 0017 0B       		.uleb128 0xb
 982 0018 3E       		.uleb128 0x3e
 983 0019 0B       		.uleb128 0xb
 984 001a 03       		.uleb128 0x3
 985 001b 08       		.uleb128 0x8
 986 001c 00       		.byte	0
 987 001d 00       		.byte	0
 988 001e 03       		.uleb128 0x3
 989 001f 16       		.uleb128 0x16
 990 0020 00       		.byte	0
 991 0021 03       		.uleb128 0x3
 992 0022 0E       		.uleb128 0xe
 993 0023 3A       		.uleb128 0x3a
 994 0024 0B       		.uleb128 0xb
 995 0025 3B       		.uleb128 0x3b
 996 0026 0B       		.uleb128 0xb
 997 0027 49       		.uleb128 0x49
 998 0028 13       		.uleb128 0x13
 999 0029 00       		.byte	0
 1000 002a 00       		.byte	0
 1001 002b 04       		.uleb128 0x4
 1002 002c 24       		.uleb128 0x24
 1003 002d 00       		.byte	0
 1004 002e 0B       		.uleb128 0xb
 1005 002f 0B       		.uleb128 0xb
 1006 0030 3E       		.uleb128 0x3e
 1007 0031 0B       		.uleb128 0xb
 1008 0032 03       		.uleb128 0x3
 1009 0033 0E       		.uleb128 0xe
 1010 0034 00       		.byte	0
 1011 0035 00       		.byte	0
 1012 0036 05       		.uleb128 0x5
 1013 0037 0F       		.uleb128 0xf
 1014 0038 00       		.byte	0
 1015 0039 0B       		.uleb128 0xb
 1016 003a 0B       		.uleb128 0xb
 1017 003b 00       		.byte	0
 1018 003c 00       		.byte	0
 1019 003d 06       		.uleb128 0x6
 1020 003e 16       		.uleb128 0x16
 1021 003f 00       		.byte	0
 1022 0040 03       		.uleb128 0x3
 1023 0041 0E       		.uleb128 0xe
 1024 0042 3A       		.uleb128 0x3a
 1025 0043 0B       		.uleb128 0xb
 1026 0044 3B       		.uleb128 0x3b
 1027 0045 05       		.uleb128 0x5
 1028 0046 49       		.uleb128 0x49
 1029 0047 13       		.uleb128 0x13
 1030 0048 00       		.byte	0
 1031 0049 00       		.byte	0
 1032 004a 07       		.uleb128 0x7
 1033 004b 35       		.uleb128 0x35
 1034 004c 00       		.byte	0
 1035 004d 49       		.uleb128 0x49
ARM GAS  C:\DOCUME~1\Owner\LOCALS~1\Temp\cc3xQNPb.s 			page 25


 1036 004e 13       		.uleb128 0x13
 1037 004f 00       		.byte	0
 1038 0050 00       		.byte	0
 1039 0051 08       		.uleb128 0x8
 1040 0052 2E       		.uleb128 0x2e
 1041 0053 01       		.byte	0x1
 1042 0054 03       		.uleb128 0x3
 1043 0055 0E       		.uleb128 0xe
 1044 0056 3A       		.uleb128 0x3a
 1045 0057 0B       		.uleb128 0xb
 1046 0058 3B       		.uleb128 0x3b
 1047 0059 0B       		.uleb128 0xb
 1048 005a 27       		.uleb128 0x27
 1049 005b 19       		.uleb128 0x19
 1050 005c 11       		.uleb128 0x11
 1051 005d 01       		.uleb128 0x1
 1052 005e 12       		.uleb128 0x12
 1053 005f 06       		.uleb128 0x6
 1054 0060 40       		.uleb128 0x40
 1055 0061 18       		.uleb128 0x18
 1056 0062 9642     		.uleb128 0x2116
 1057 0064 19       		.uleb128 0x19
 1058 0065 01       		.uleb128 0x1
 1059 0066 13       		.uleb128 0x13
 1060 0067 00       		.byte	0
 1061 0068 00       		.byte	0
 1062 0069 09       		.uleb128 0x9
 1063 006a 05       		.uleb128 0x5
 1064 006b 00       		.byte	0
 1065 006c 03       		.uleb128 0x3
 1066 006d 08       		.uleb128 0x8
 1067 006e 3A       		.uleb128 0x3a
 1068 006f 0B       		.uleb128 0xb
 1069 0070 3B       		.uleb128 0x3b
 1070 0071 0B       		.uleb128 0xb
 1071 0072 49       		.uleb128 0x49
 1072 0073 13       		.uleb128 0x13
 1073 0074 02       		.uleb128 0x2
 1074 0075 18       		.uleb128 0x18
 1075 0076 00       		.byte	0
 1076 0077 00       		.byte	0
 1077 0078 0A       		.uleb128 0xa
 1078 0079 05       		.uleb128 0x5
 1079 007a 00       		.byte	0
 1080 007b 03       		.uleb128 0x3
 1081 007c 0E       		.uleb128 0xe
 1082 007d 3A       		.uleb128 0x3a
 1083 007e 0B       		.uleb128 0xb
 1084 007f 3B       		.uleb128 0x3b
 1085 0080 0B       		.uleb128 0xb
 1086 0081 49       		.uleb128 0x49
 1087 0082 13       		.uleb128 0x13
 1088 0083 02       		.uleb128 0x2
 1089 0084 18       		.uleb128 0x18
 1090 0085 00       		.byte	0
 1091 0086 00       		.byte	0
 1092 0087 0B       		.uleb128 0xb
ARM GAS  C:\DOCUME~1\Owner\LOCALS~1\Temp\cc3xQNPb.s 			page 26


 1093 0088 0F       		.uleb128 0xf
 1094 0089 00       		.byte	0
 1095 008a 0B       		.uleb128 0xb
 1096 008b 0B       		.uleb128 0xb
 1097 008c 49       		.uleb128 0x49
 1098 008d 13       		.uleb128 0x13
 1099 008e 00       		.byte	0
 1100 008f 00       		.byte	0
 1101 0090 0C       		.uleb128 0xc
 1102 0091 26       		.uleb128 0x26
 1103 0092 00       		.byte	0
 1104 0093 00       		.byte	0
 1105 0094 00       		.byte	0
 1106 0095 0D       		.uleb128 0xd
 1107 0096 2E       		.uleb128 0x2e
 1108 0097 01       		.byte	0x1
 1109 0098 03       		.uleb128 0x3
 1110 0099 0E       		.uleb128 0xe
 1111 009a 3A       		.uleb128 0x3a
 1112 009b 0B       		.uleb128 0xb
 1113 009c 3B       		.uleb128 0x3b
 1114 009d 0B       		.uleb128 0xb
 1115 009e 27       		.uleb128 0x27
 1116 009f 19       		.uleb128 0x19
 1117 00a0 11       		.uleb128 0x11
 1118 00a1 01       		.uleb128 0x1
 1119 00a2 12       		.uleb128 0x12
 1120 00a3 06       		.uleb128 0x6
 1121 00a4 40       		.uleb128 0x40
 1122 00a5 18       		.uleb128 0x18
 1123 00a6 9742     		.uleb128 0x2117
 1124 00a8 19       		.uleb128 0x19
 1125 00a9 01       		.uleb128 0x1
 1126 00aa 13       		.uleb128 0x13
 1127 00ab 00       		.byte	0
 1128 00ac 00       		.byte	0
 1129 00ad 0E       		.uleb128 0xe
 1130 00ae 13       		.uleb128 0x13
 1131 00af 01       		.byte	0x1
 1132 00b0 0B       		.uleb128 0xb
 1133 00b1 0B       		.uleb128 0xb
 1134 00b2 3A       		.uleb128 0x3a
 1135 00b3 0B       		.uleb128 0xb
 1136 00b4 3B       		.uleb128 0x3b
 1137 00b5 0B       		.uleb128 0xb
 1138 00b6 01       		.uleb128 0x1
 1139 00b7 13       		.uleb128 0x13
 1140 00b8 00       		.byte	0
 1141 00b9 00       		.byte	0
 1142 00ba 0F       		.uleb128 0xf
 1143 00bb 0D       		.uleb128 0xd
 1144 00bc 00       		.byte	0
 1145 00bd 03       		.uleb128 0x3
 1146 00be 0E       		.uleb128 0xe
 1147 00bf 3A       		.uleb128 0x3a
 1148 00c0 0B       		.uleb128 0xb
 1149 00c1 3B       		.uleb128 0x3b
ARM GAS  C:\DOCUME~1\Owner\LOCALS~1\Temp\cc3xQNPb.s 			page 27


 1150 00c2 0B       		.uleb128 0xb
 1151 00c3 49       		.uleb128 0x49
 1152 00c4 13       		.uleb128 0x13
 1153 00c5 38       		.uleb128 0x38
 1154 00c6 0B       		.uleb128 0xb
 1155 00c7 00       		.byte	0
 1156 00c8 00       		.byte	0
 1157 00c9 10       		.uleb128 0x10
 1158 00ca 01       		.uleb128 0x1
 1159 00cb 01       		.byte	0x1
 1160 00cc 49       		.uleb128 0x49
 1161 00cd 13       		.uleb128 0x13
 1162 00ce 01       		.uleb128 0x1
 1163 00cf 13       		.uleb128 0x13
 1164 00d0 00       		.byte	0
 1165 00d1 00       		.byte	0
 1166 00d2 11       		.uleb128 0x11
 1167 00d3 21       		.uleb128 0x21
 1168 00d4 00       		.byte	0
 1169 00d5 49       		.uleb128 0x49
 1170 00d6 13       		.uleb128 0x13
 1171 00d7 2F       		.uleb128 0x2f
 1172 00d8 0B       		.uleb128 0xb
 1173 00d9 00       		.byte	0
 1174 00da 00       		.byte	0
 1175 00db 12       		.uleb128 0x12
 1176 00dc 34       		.uleb128 0x34
 1177 00dd 00       		.byte	0
 1178 00de 03       		.uleb128 0x3
 1179 00df 0E       		.uleb128 0xe
 1180 00e0 3A       		.uleb128 0x3a
 1181 00e1 0B       		.uleb128 0xb
 1182 00e2 3B       		.uleb128 0x3b
 1183 00e3 0B       		.uleb128 0xb
 1184 00e4 49       		.uleb128 0x49
 1185 00e5 13       		.uleb128 0x13
 1186 00e6 02       		.uleb128 0x2
 1187 00e7 18       		.uleb128 0x18
 1188 00e8 00       		.byte	0
 1189 00e9 00       		.byte	0
 1190 00ea 13       		.uleb128 0x13
 1191 00eb 26       		.uleb128 0x26
 1192 00ec 00       		.byte	0
 1193 00ed 49       		.uleb128 0x49
 1194 00ee 13       		.uleb128 0x13
 1195 00ef 00       		.byte	0
 1196 00f0 00       		.byte	0
 1197 00f1 14       		.uleb128 0x14
 1198 00f2 2E       		.uleb128 0x2e
 1199 00f3 00       		.byte	0
 1200 00f4 03       		.uleb128 0x3
 1201 00f5 0E       		.uleb128 0xe
 1202 00f6 3A       		.uleb128 0x3a
 1203 00f7 0B       		.uleb128 0xb
 1204 00f8 3B       		.uleb128 0x3b
 1205 00f9 0B       		.uleb128 0xb
 1206 00fa 27       		.uleb128 0x27
ARM GAS  C:\DOCUME~1\Owner\LOCALS~1\Temp\cc3xQNPb.s 			page 28


 1207 00fb 19       		.uleb128 0x19
 1208 00fc 11       		.uleb128 0x11
 1209 00fd 01       		.uleb128 0x1
 1210 00fe 12       		.uleb128 0x12
 1211 00ff 06       		.uleb128 0x6
 1212 0100 40       		.uleb128 0x40
 1213 0101 18       		.uleb128 0x18
 1214 0102 9642     		.uleb128 0x2116
 1215 0104 19       		.uleb128 0x19
 1216 0105 00       		.byte	0
 1217 0106 00       		.byte	0
 1218 0107 15       		.uleb128 0x15
 1219 0108 2E       		.uleb128 0x2e
 1220 0109 00       		.byte	0
 1221 010a 03       		.uleb128 0x3
 1222 010b 0E       		.uleb128 0xe
 1223 010c 3A       		.uleb128 0x3a
 1224 010d 0B       		.uleb128 0xb
 1225 010e 3B       		.uleb128 0x3b
 1226 010f 0B       		.uleb128 0xb
 1227 0110 27       		.uleb128 0x27
 1228 0111 19       		.uleb128 0x19
 1229 0112 11       		.uleb128 0x11
 1230 0113 01       		.uleb128 0x1
 1231 0114 12       		.uleb128 0x12
 1232 0115 06       		.uleb128 0x6
 1233 0116 40       		.uleb128 0x40
 1234 0117 18       		.uleb128 0x18
 1235 0118 9742     		.uleb128 0x2117
 1236 011a 19       		.uleb128 0x19
 1237 011b 00       		.byte	0
 1238 011c 00       		.byte	0
 1239 011d 16       		.uleb128 0x16
 1240 011e 2E       		.uleb128 0x2e
 1241 011f 01       		.byte	0x1
 1242 0120 3F       		.uleb128 0x3f
 1243 0121 19       		.uleb128 0x19
 1244 0122 03       		.uleb128 0x3
 1245 0123 0E       		.uleb128 0xe
 1246 0124 3A       		.uleb128 0x3a
 1247 0125 0B       		.uleb128 0xb
 1248 0126 3B       		.uleb128 0x3b
 1249 0127 05       		.uleb128 0x5
 1250 0128 27       		.uleb128 0x27
 1251 0129 19       		.uleb128 0x19
 1252 012a 11       		.uleb128 0x11
 1253 012b 01       		.uleb128 0x1
 1254 012c 12       		.uleb128 0x12
 1255 012d 06       		.uleb128 0x6
 1256 012e 40       		.uleb128 0x40
 1257 012f 18       		.uleb128 0x18
 1258 0130 9642     		.uleb128 0x2116
 1259 0132 19       		.uleb128 0x19
 1260 0133 00       		.byte	0
 1261 0134 00       		.byte	0
 1262 0135 17       		.uleb128 0x17
 1263 0136 0B       		.uleb128 0xb
ARM GAS  C:\DOCUME~1\Owner\LOCALS~1\Temp\cc3xQNPb.s 			page 29


 1264 0137 01       		.byte	0x1
 1265 0138 11       		.uleb128 0x11
 1266 0139 01       		.uleb128 0x1
 1267 013a 12       		.uleb128 0x12
 1268 013b 06       		.uleb128 0x6
 1269 013c 00       		.byte	0
 1270 013d 00       		.byte	0
 1271 013e 18       		.uleb128 0x18
 1272 013f 13       		.uleb128 0x13
 1273 0140 01       		.byte	0x1
 1274 0141 0B       		.uleb128 0xb
 1275 0142 0B       		.uleb128 0xb
 1276 0143 3A       		.uleb128 0x3a
 1277 0144 0B       		.uleb128 0xb
 1278 0145 3B       		.uleb128 0x3b
 1279 0146 05       		.uleb128 0x5
 1280 0147 01       		.uleb128 0x1
 1281 0148 13       		.uleb128 0x13
 1282 0149 00       		.byte	0
 1283 014a 00       		.byte	0
 1284 014b 19       		.uleb128 0x19
 1285 014c 0D       		.uleb128 0xd
 1286 014d 00       		.byte	0
 1287 014e 03       		.uleb128 0x3
 1288 014f 0E       		.uleb128 0xe
 1289 0150 3A       		.uleb128 0x3a
 1290 0151 0B       		.uleb128 0xb
 1291 0152 3B       		.uleb128 0x3b
 1292 0153 05       		.uleb128 0x5
 1293 0154 49       		.uleb128 0x49
 1294 0155 13       		.uleb128 0x13
 1295 0156 38       		.uleb128 0x38
 1296 0157 0B       		.uleb128 0xb
 1297 0158 00       		.byte	0
 1298 0159 00       		.byte	0
 1299 015a 1A       		.uleb128 0x1a
 1300 015b 34       		.uleb128 0x34
 1301 015c 00       		.byte	0
 1302 015d 03       		.uleb128 0x3
 1303 015e 0E       		.uleb128 0xe
 1304 015f 3A       		.uleb128 0x3a
 1305 0160 0B       		.uleb128 0xb
 1306 0161 3B       		.uleb128 0x3b
 1307 0162 05       		.uleb128 0x5
 1308 0163 49       		.uleb128 0x49
 1309 0164 13       		.uleb128 0x13
 1310 0165 02       		.uleb128 0x2
 1311 0166 18       		.uleb128 0x18
 1312 0167 00       		.byte	0
 1313 0168 00       		.byte	0
 1314 0169 1B       		.uleb128 0x1b
 1315 016a 34       		.uleb128 0x34
 1316 016b 00       		.byte	0
 1317 016c 03       		.uleb128 0x3
 1318 016d 08       		.uleb128 0x8
 1319 016e 3A       		.uleb128 0x3a
 1320 016f 0B       		.uleb128 0xb
ARM GAS  C:\DOCUME~1\Owner\LOCALS~1\Temp\cc3xQNPb.s 			page 30


 1321 0170 3B       		.uleb128 0x3b
 1322 0171 05       		.uleb128 0x5
 1323 0172 49       		.uleb128 0x49
 1324 0173 13       		.uleb128 0x13
 1325 0174 02       		.uleb128 0x2
 1326 0175 18       		.uleb128 0x18
 1327 0176 00       		.byte	0
 1328 0177 00       		.byte	0
 1329 0178 00       		.byte	0
 1330              		.section	.debug_aranges,"",%progbits
 1331 0000 4C000000 		.4byte	0x4c
 1332 0004 0200     		.2byte	0x2
 1333 0006 00000000 		.4byte	.Ldebug_info0
 1334 000a 04       		.byte	0x4
 1335 000b 00       		.byte	0
 1336 000c 0000     		.2byte	0
 1337 000e 0000     		.2byte	0
 1338 0010 00000000 		.4byte	.LFB0
 1339 0014 1E000000 		.4byte	.LFE0-.LFB0
 1340 0018 00000000 		.4byte	.LFB1
 1341 001c 22000000 		.4byte	.LFE1-.LFB1
 1342 0020 00000000 		.4byte	.LFB2
 1343 0024 22000000 		.4byte	.LFE2-.LFB2
 1344 0028 00000000 		.4byte	.LFB3
 1345 002c A4000000 		.4byte	.LFE3-.LFB3
 1346 0030 A4000000 		.4byte	.LFB4
 1347 0034 8C000000 		.4byte	.LFE4-.LFB4
 1348 0038 00000000 		.4byte	.LFB5
 1349 003c 08000000 		.4byte	.LFE5-.LFB5
 1350 0040 30010000 		.4byte	.LFB6
 1351 0044 04010000 		.4byte	.LFE6-.LFB6
 1352 0048 00000000 		.4byte	0
 1353 004c 00000000 		.4byte	0
 1354              		.section	.debug_ranges,"",%progbits
 1355              	.Ldebug_ranges0:
 1356 0000 00000000 		.4byte	.LFB0
 1357 0004 1E000000 		.4byte	.LFE0
 1358 0008 00000000 		.4byte	.LFB1
 1359 000c 22000000 		.4byte	.LFE1
 1360 0010 00000000 		.4byte	.LFB2
 1361 0014 22000000 		.4byte	.LFE2
 1362 0018 00000000 		.4byte	.LFB3
 1363 001c A4000000 		.4byte	.LFE3
 1364 0020 A4000000 		.4byte	.LFB4
 1365 0024 30010000 		.4byte	.LFE4
 1366 0028 00000000 		.4byte	.LFB5
 1367 002c 08000000 		.4byte	.LFE5
 1368 0030 30010000 		.4byte	.LFB6
 1369 0034 34020000 		.4byte	.LFE6
 1370 0038 00000000 		.4byte	0
 1371 003c 00000000 		.4byte	0
 1372              		.section	.debug_line,"",%progbits
 1373              	.Ldebug_line0:
 1374 0000 72010000 		.section	.debug_str,"MS",%progbits,1
 1374      0200CA00 
 1374      00000201 
 1374      FB0E0D00 
ARM GAS  C:\DOCUME~1\Owner\LOCALS~1\Temp\cc3xQNPb.s 			page 31


 1374      01010101 
 1375              	.LASF19:
 1376 0000 72656733 		.ascii	"reg32\000"
 1376      3200
 1377              	.LASF11:
 1378 0006 73697A65 		.ascii	"size_t\000"
 1378      5F7400
 1379              	.LASF38:
 1380 000d 416E616C 		.ascii	"AnalogSetDefault\000"
 1380      6F675365 
 1380      74446566 
 1380      61756C74 
 1380      00
 1381              	.LASF29:
 1382 001e 696D6F5F 		.ascii	"imo_trim_entry_t\000"
 1382      7472696D 
 1382      5F656E74 
 1382      72795F74 
 1382      00
 1383              	.LASF42:
 1384 002f 6366675F 		.ascii	"cfg_memset_list\000"
 1384      6D656D73 
 1384      65745F6C 
 1384      69737400 
 1385              	.LASF37:
 1386 003f 436C6F63 		.ascii	"ClockSetup\000"
 1386      6B536574 
 1386      757000
 1387              	.LASF28:
 1388 004a 746D7063 		.ascii	"tmpco\000"
 1388      6F00
 1389              	.LASF4:
 1390 0050 73686F72 		.ascii	"short unsigned int\000"
 1390      7420756E 
 1390      7369676E 
 1390      65642069 
 1390      6E7400
 1391              	.LASF3:
 1392 0063 73686F72 		.ascii	"short int\000"
 1392      7420696E 
 1392      7400
 1393              	.LASF24:
 1394 006d 53657449 		.ascii	"SetIMOBGTrims\000"
 1394      4D4F4247 
 1394      5472696D 
 1394      7300
 1395              	.LASF16:
 1396 007b 666C6F61 		.ascii	"float\000"
 1396      7400
 1397              	.LASF34:
 1398 0081 696D6F54 		.ascii	"imoTrimIndex\000"
 1398      72696D49 
 1398      6E646578 
 1398      00
 1399              	.LASF22:
 1400 008e 64657374 		.ascii	"dest\000"
 1400      00
ARM GAS  C:\DOCUME~1\Owner\LOCALS~1\Temp\cc3xQNPb.s 			page 32


 1401              	.LASF40:
 1402 0093 73697A65 		.ascii	"size\000"
 1402      00
 1403              	.LASF18:
 1404 0098 72656738 		.ascii	"reg8\000"
 1404      00
 1405              	.LASF6:
 1406 009d 6C6F6E67 		.ascii	"long unsigned int\000"
 1406      20756E73 
 1406      69676E65 
 1406      6420696E 
 1406      7400
 1407              	.LASF15:
 1408 00af 696E7433 		.ascii	"int32\000"
 1408      3200
 1409              	.LASF20:
 1410 00b5 43594D45 		.ascii	"CYMEMZERO\000"
 1410      4D5A4552 
 1410      4F00
 1411              	.LASF2:
 1412 00bf 756E7369 		.ascii	"unsigned char\000"
 1412      676E6564 
 1412      20636861 
 1412      7200
 1413              	.LASF17:
 1414 00cd 646F7562 		.ascii	"double\000"
 1414      6C6500
 1415              	.LASF25:
 1416 00d4 696D6F46 		.ascii	"imoFreq\000"
 1416      72657100 
 1417              	.LASF21:
 1418 00dc 4359434F 		.ascii	"CYCONFIGCPY\000"
 1418      4E464947 
 1418      43505900 
 1419              	.LASF33:
 1420 00e8 494D4F5F 		.ascii	"IMO_TRIM_FREQ_TABLE_ENTRIES\000"
 1420      5452494D 
 1420      5F465245 
 1420      515F5441 
 1420      424C455F 
 1421              	.LASF13:
 1422 0104 75696E74 		.ascii	"uint16\000"
 1422      313600
 1423              	.LASF14:
 1424 010b 75696E74 		.ascii	"uint32\000"
 1424      333200
 1425              	.LASF0:
 1426 0112 756E7369 		.ascii	"unsigned int\000"
 1426      676E6564 
 1426      20696E74 
 1426      00
 1427              	.LASF46:
 1428 011f 63796669 		.ascii	"cyfitter_cfg\000"
 1428      74746572 
 1428      5F636667 
 1428      00
 1429              	.LASF39:
ARM GAS  C:\DOCUME~1\Owner\LOCALS~1\Temp\cc3xQNPb.s 			page 33


 1430 012c 61646472 		.ascii	"address\000"
 1430      65737300 
 1431              	.LASF8:
 1432 0134 6C6F6E67 		.ascii	"long long unsigned int\000"
 1432      206C6F6E 
 1432      6720756E 
 1432      7369676E 
 1432      65642069 
 1433              	.LASF31:
 1434 014b 696D6F5F 		.ascii	"imo_trim_table_t\000"
 1434      7472696D 
 1434      5F746162 
 1434      6C655F74 
 1434      00
 1435              	.LASF41:
 1436 015c 6366675F 		.ascii	"cfg_memset_t\000"
 1436      6D656D73 
 1436      65745F74 
 1436      00
 1437              	.LASF44:
 1438 0169 2E5C4765 		.ascii	".\\Generated_Source\\PSoC4\\cyfitter_cfg.c\000"
 1438      6E657261 
 1438      7465645F 
 1438      536F7572 
 1438      63655C50 
 1439              	.LASF9:
 1440 0191 73697A65 		.ascii	"sizetype\000"
 1440      74797065 
 1440      00
 1441              	.LASF36:
 1442 019a 73657454 		.ascii	"setTmpCo\000"
 1442      6D70436F 
 1442      00
 1443              	.LASF7:
 1444 01a3 6C6F6E67 		.ascii	"long long int\000"
 1444      206C6F6E 
 1444      6720696E 
 1444      7400
 1445              	.LASF10:
 1446 01b1 63686172 		.ascii	"char\000"
 1446      00
 1447              	.LASF27:
 1448 01b6 6162736F 		.ascii	"absolute\000"
 1448      6C757465 
 1448      00
 1449              	.LASF26:
 1450 01bf 66726571 		.ascii	"freq\000"
 1450      00
 1451              	.LASF12:
 1452 01c4 75696E74 		.ascii	"uint8\000"
 1452      3800
 1453              	.LASF32:
 1454 01ca 696D6F5F 		.ascii	"imo_trim_table\000"
 1454      7472696D 
 1454      5F746162 
 1454      6C6500
 1455              	.LASF5:
ARM GAS  C:\DOCUME~1\Owner\LOCALS~1\Temp\cc3xQNPb.s 			page 34


 1456 01d9 6C6F6E67 		.ascii	"long int\000"
 1456      20696E74 
 1456      00
 1457              	.LASF30:
 1458 01e2 656E7472 		.ascii	"entries\000"
 1458      69657300 
 1459              	.LASF35:
 1460 01ea 73657441 		.ascii	"setAbs\000"
 1460      627300
 1461              	.LASF1:
 1462 01f1 7369676E 		.ascii	"signed char\000"
 1462      65642063 
 1462      68617200 
 1463              	.LASF45:
 1464 01fd 433A5C64 		.ascii	"C:\\dev\\Cypress\\Testbench\\OLED.cydsn\000"
 1464      65765C43 
 1464      79707265 
 1464      73735C54 
 1464      65737462 
 1465              	.LASF23:
 1466 0221 4359434F 		.ascii	"CYCONFIGCPYCODE\000"
 1466      4E464947 
 1466      43505943 
 1466      4F444500 
 1467              	.LASF43:
 1468 0231 474E5520 		.ascii	"GNU C 4.8.4 20140526 (release) [ARM/embedded-4_8-br"
 1468      4320342E 
 1468      382E3420 
 1468      32303134 
 1468      30353236 
 1469 0264 616E6368 		.ascii	"anch revision 211358] -mcpu=cortex-m0 -mthumb -g -O"
 1469      20726576 
 1469      6973696F 
 1469      6E203231 
 1469      31333538 
 1470 0297 30202D66 		.ascii	"0 -ffunction-sections\000"
 1470      66756E63 
 1470      74696F6E 
 1470      2D736563 
 1470      74696F6E 
 1471              		.ident	"GCC: (GNU Tools for ARM Embedded Processors) 4.8.4 20140526 (release) [ARM/embedded-4_8-br
